Archive member included to satisfy reference by file (symbol)

c:/dev/tools/gcc-arm-none-eabi-10-2020-q4-major/bin/../lib/gcc/arm-none-eabi/10.2.1/../../../../arm-none-eabi/lib/thumb/v7e-m+dp/hard\libc_nano.a(lib_a-exit.o)
                              c:/dev/tools/gcc-arm-none-eabi-10-2020-q4-major/bin/../lib/gcc/arm-none-eabi/10.2.1/../../../../arm-none-eabi/lib/thumb/v7e-m+dp/hard/crt0.o (exit)
c:/dev/tools/gcc-arm-none-eabi-10-2020-q4-major/bin/../lib/gcc/arm-none-eabi/10.2.1/../../../../arm-none-eabi/lib/thumb/v7e-m+dp/hard\libc_nano.a(lib_a-impure.o)
                              c:/dev/tools/gcc-arm-none-eabi-10-2020-q4-major/bin/../lib/gcc/arm-none-eabi/10.2.1/../../../../arm-none-eabi/lib/thumb/v7e-m+dp/hard\libc_nano.a(lib_a-exit.o) (_global_impure_ptr)
c:/dev/tools/gcc-arm-none-eabi-10-2020-q4-major/bin/../lib/gcc/arm-none-eabi/10.2.1/../../../../arm-none-eabi/lib/thumb/v7e-m+dp/hard\libc_nano.a(lib_a-init.o)
                              c:/dev/tools/gcc-arm-none-eabi-10-2020-q4-major/bin/../lib/gcc/arm-none-eabi/10.2.1/../../../../arm-none-eabi/lib/thumb/v7e-m+dp/hard/crt0.o (__libc_init_array)
c:/dev/tools/gcc-arm-none-eabi-10-2020-q4-major/bin/../lib/gcc/arm-none-eabi/10.2.1/../../../../arm-none-eabi/lib/thumb/v7e-m+dp/hard\libc_nano.a(lib_a-memset.o)
                              c:/dev/tools/gcc-arm-none-eabi-10-2020-q4-major/bin/../lib/gcc/arm-none-eabi/10.2.1/../../../../arm-none-eabi/lib/thumb/v7e-m+dp/hard/crt0.o (memset)
c:/dev/tools/gcc-arm-none-eabi-10-2020-q4-major/bin/../lib/gcc/arm-none-eabi/10.2.1/../../../../arm-none-eabi/lib/thumb/v7e-m+dp/hard\libnosys.a(_exit.o)
                              c:/dev/tools/gcc-arm-none-eabi-10-2020-q4-major/bin/../lib/gcc/arm-none-eabi/10.2.1/../../../../arm-none-eabi/lib/thumb/v7e-m+dp/hard\libc_nano.a(lib_a-exit.o) (_exit)
c:/dev/tools/gcc-arm-none-eabi-10-2020-q4-major/bin/../lib/gcc/arm-none-eabi/10.2.1/thumb/v7e-m+dp/hard\libgcc.a(_aeabi_uldivmod.o)
                              build/stm32h7xx_hal_uart.o (__aeabi_uldivmod)
c:/dev/tools/gcc-arm-none-eabi-10-2020-q4-major/bin/../lib/gcc/arm-none-eabi/10.2.1/thumb/v7e-m+dp/hard\libgcc.a(_udivmoddi4.o)
                              c:/dev/tools/gcc-arm-none-eabi-10-2020-q4-major/bin/../lib/gcc/arm-none-eabi/10.2.1/thumb/v7e-m+dp/hard\libgcc.a(_aeabi_uldivmod.o) (__udivmoddi4)
c:/dev/tools/gcc-arm-none-eabi-10-2020-q4-major/bin/../lib/gcc/arm-none-eabi/10.2.1/thumb/v7e-m+dp/hard\libgcc.a(_dvmd_tls.o)
                              c:/dev/tools/gcc-arm-none-eabi-10-2020-q4-major/bin/../lib/gcc/arm-none-eabi/10.2.1/thumb/v7e-m+dp/hard\libgcc.a(_aeabi_uldivmod.o) (__aeabi_ldiv0)

Discarded input sections

 .text          0x00000000        0x0 c:/dev/tools/gcc-arm-none-eabi-10-2020-q4-major/bin/../lib/gcc/arm-none-eabi/10.2.1/thumb/v7e-m+dp/hard/crti.o
 .data          0x00000000        0x0 c:/dev/tools/gcc-arm-none-eabi-10-2020-q4-major/bin/../lib/gcc/arm-none-eabi/10.2.1/thumb/v7e-m+dp/hard/crti.o
 .bss           0x00000000        0x0 c:/dev/tools/gcc-arm-none-eabi-10-2020-q4-major/bin/../lib/gcc/arm-none-eabi/10.2.1/thumb/v7e-m+dp/hard/crti.o
 .data          0x00000000        0x4 c:/dev/tools/gcc-arm-none-eabi-10-2020-q4-major/bin/../lib/gcc/arm-none-eabi/10.2.1/thumb/v7e-m+dp/hard/crtbegin.o
 .rodata        0x00000000       0x24 c:/dev/tools/gcc-arm-none-eabi-10-2020-q4-major/bin/../lib/gcc/arm-none-eabi/10.2.1/thumb/v7e-m+dp/hard/crtbegin.o
 .text          0x00000000       0x7c c:/dev/tools/gcc-arm-none-eabi-10-2020-q4-major/bin/../lib/gcc/arm-none-eabi/10.2.1/../../../../arm-none-eabi/lib/thumb/v7e-m+dp/hard/crt0.o
 .data          0x00000000        0x0 c:/dev/tools/gcc-arm-none-eabi-10-2020-q4-major/bin/../lib/gcc/arm-none-eabi/10.2.1/../../../../arm-none-eabi/lib/thumb/v7e-m+dp/hard/crt0.o
 .bss           0x00000000        0x0 c:/dev/tools/gcc-arm-none-eabi-10-2020-q4-major/bin/../lib/gcc/arm-none-eabi/10.2.1/../../../../arm-none-eabi/lib/thumb/v7e-m+dp/hard/crt0.o
 .ARM.extab     0x00000000        0x0 c:/dev/tools/gcc-arm-none-eabi-10-2020-q4-major/bin/../lib/gcc/arm-none-eabi/10.2.1/../../../../arm-none-eabi/lib/thumb/v7e-m+dp/hard/crt0.o
 .ARM.exidx     0x00000000       0x10 c:/dev/tools/gcc-arm-none-eabi-10-2020-q4-major/bin/../lib/gcc/arm-none-eabi/10.2.1/../../../../arm-none-eabi/lib/thumb/v7e-m+dp/hard/crt0.o
 .ARM.attributes
                0x00000000       0x1c c:/dev/tools/gcc-arm-none-eabi-10-2020-q4-major/bin/../lib/gcc/arm-none-eabi/10.2.1/../../../../arm-none-eabi/lib/thumb/v7e-m+dp/hard/crt0.o
 .text          0x00000000        0x0 build/main.o
 .data          0x00000000        0x0 build/main.o
 .bss           0x00000000        0x0 build/main.o
 .RxArraySection
                0x00000000     0x17e0 build/main.o
 .text          0x00000000        0x0 build/stm32h7xx_it.o
 .data          0x00000000        0x0 build/stm32h7xx_it.o
 .bss           0x00000000        0x0 build/stm32h7xx_it.o
 .text          0x00000000        0x0 build/stm32h7xx_hal_msp.o
[...]
Memory Configuration

Name             Origin             Length             Attributes
DTCMRAM          0x20000000         0x00020000         xrw
RAM_D1           0x24000000         0x00050000         xrw
RAM_D2           0x30000000         0x00008000         xrw
RAM_D3           0x38000000         0x00004000         xrw
ITCMRAM          0x00000000         0x00010000         xrw
FLASH            0x08000000         0x00100000         xr
*default*        0x00000000         0xffffffff

Linker script and memory map

LOAD c:/dev/tools/gcc-arm-none-eabi-10-2020-q4-major/bin/../lib/gcc/arm-none-eabi/10.2.1/thumb/v7e-m+dp/hard/crti.o
LOAD c:/dev/tools/gcc-arm-none-eabi-10-2020-q4-major/bin/../lib/gcc/arm-none-eabi/10.2.1/thumb/v7e-m+dp/hard/crtbegin.o
LOAD c:/dev/tools/gcc-arm-none-eabi-10-2020-q4-major/bin/../lib/gcc/arm-none-eabi/10.2.1/../../../../arm-none-eabi/lib/thumb/v7e-m+dp/hard/crt0.o
LOAD build/main.o
LOAD build/stm32h7xx_it.o
LOAD build/stm32h7xx_hal_msp.o
LOAD build/stm32h7xx_hal_cortex.o
LOAD build/stm32h7xx_hal_rcc.o
LOAD build/stm32h7xx_hal_rcc_ex.o
LOAD build/stm32h7xx_hal_flash.o
LOAD build/stm32h7xx_hal_flash_ex.o
LOAD build/stm32h7xx_hal_gpio.o
LOAD build/stm32h7xx_hal_hsem.o
LOAD build/stm32h7xx_hal_dma.o
LOAD build/stm32h7xx_hal_dma_ex.o
LOAD build/stm32h7xx_hal_mdma.o
LOAD build/stm32h7xx_hal_pwr.o
LOAD build/stm32h7xx_hal_pwr_ex.o
LOAD build/stm32h7xx_hal.o
LOAD build/stm32h7xx_hal_i2c.o
LOAD build/stm32h7xx_hal_i2c_ex.o
LOAD build/stm32h7xx_hal_exti.o
LOAD build/stm32h7xx_hal_eth.o
LOAD build/stm32h7xx_hal_eth_ex.o
LOAD build/stm32h7xx_hal_tim.o
LOAD build/stm32h7xx_hal_tim_ex.o
LOAD build/stm32h7xx_hal_uart.o
LOAD build/stm32h7xx_hal_uart_ex.o
LOAD build/system_stm32h7xx.o
LOAD build/startup_stm32h723xx.o
LOAD c:/dev/tools/gcc-arm-none-eabi-10-2020-q4-major/bin/../lib/gcc/arm-none-eabi/10.2.1/../../../../arm-none-eabi/lib/thumb/v7e-m+dp/hard\libc_nano.a
LOAD c:/dev/tools/gcc-arm-none-eabi-10-2020-q4-major/bin/../lib/gcc/arm-none-eabi/10.2.1/../../../../arm-none-eabi/lib/thumb/v7e-m+dp/hard\libm.a
LOAD c:/dev/tools/gcc-arm-none-eabi-10-2020-q4-major/bin/../lib/gcc/arm-none-eabi/10.2.1/../../../../arm-none-eabi/lib/thumb/v7e-m+dp/hard\libnosys.a
START GROUP
LOAD c:/dev/tools/gcc-arm-none-eabi-10-2020-q4-major/bin/../lib/gcc/arm-none-eabi/10.2.1/thumb/v7e-m+dp/hard\libgcc.a
LOAD c:/dev/tools/gcc-arm-none-eabi-10-2020-q4-major/bin/../lib/gcc/arm-none-eabi/10.2.1/../../../../arm-none-eabi/lib/thumb/v7e-m+dp/hard\libc_nano.a
END GROUP
START GROUP
LOAD c:/dev/tools/gcc-arm-none-eabi-10-2020-q4-major/bin/../lib/gcc/arm-none-eabi/10.2.1/thumb/v7e-m+dp/hard\libgcc.a
LOAD c:/dev/tools/gcc-arm-none-eabi-10-2020-q4-major/bin/../lib/gcc/arm-none-eabi/10.2.1/../../../../arm-none-eabi/lib/thumb/v7e-m+dp/hard\libc_nano.a
END GROUP
LOAD c:/dev/tools/gcc-arm-none-eabi-10-2020-q4-major/bin/../lib/gcc/arm-none-eabi/10.2.1/thumb/v7e-m+dp/hard/crtend.o
LOAD c:/dev/tools/gcc-arm-none-eabi-10-2020-q4-major/bin/../lib/gcc/arm-none-eabi/10.2.1/thumb/v7e-m+dp/hard/crtn.o
                0x20020000                _estack = 0x20020000
                0x00000200                _Min_Heap_Size = 0x200
                0x00000400                _Min_Stack_Size = 0x400

.isr_vector     0x08000000      0x2cc
                0x08000000                . = ALIGN (0x4)
 *(.isr_vector)
 .isr_vector    0x08000000      0x2cc build/startup_stm32h723xx.o
                0x08000000                g_pfnVectors
                0x080002cc                . = ALIGN (0x4)

.text           0x080002cc     0x3804
                0x080002cc                . = ALIGN (0x4)
 *(.text)
 .text          0x080002cc       0x40 c:/dev/tools/gcc-arm-none-eabi-10-2020-q4-major/bin/../lib/gcc/arm-none-eabi/10.2.1/thumb/v7e-m+dp/hard/crtbegin.o
 .text          0x0800030c       0x30 c:/dev/tools/gcc-arm-none-eabi-10-2020-q4-major/bin/../lib/gcc/arm-none-eabi/10.2.1/thumb/v7e-m+dp/hard\libgcc.a(_aeabi_uldivmod.o)
                0x0800030c                __aeabi_uldivmod
 .text          0x0800033c      0x2d0 c:/dev/tools/gcc-arm-none-eabi-10-2020-q4-major/bin/../lib/gcc/arm-none-eabi/10.2.1/thumb/v7e-m+dp/hard\libgcc.a(_udivmoddi4.o)
                0x0800033c                __udivmoddi4
 .text          0x0800060c        0x4 c:/dev/tools/gcc-arm-none-eabi-10-2020-q4-major/bin/../lib/gcc/arm-none-eabi/10.2.1/thumb/v7e-m+dp/hard\libgcc.a(_dvmd_tls.o)
                0x0800060c                __aeabi_idiv0
                0x0800060c                __aeabi_ldiv0
 *(.text*)
 .text.MX_GPIO_Init
                0x08000610      0x194 build/main.o
 .text.Error_Handler
                0x080007a4        0x4 build/main.o
                0x080007a4                Error_Handler
 .text.MX_ETH_Init
                0x080007a8       0x70 build/main.o
 .text.MX_USART3_UART_Init
                0x08000818       0x60 build/main.o
 .text.SystemClock_Config
                0x08000878       0xac build/main.o
                0x08000878                SystemClock_Config
 .text.main     0x08000924       0x2c build/main.o
                0x08000924                main
 .text.NMI_Handler
                0x08000950        0x2 build/stm32h7xx_it.o
                0x08000950                NMI_Handler
 .text.HardFault_Handler
                0x08000952        0x2 build/stm32h7xx_it.o
                0x08000952                HardFault_Handler
 .text.MemManage_Handler
                0x08000954        0x2 build/stm32h7xx_it.o
                0x08000954                MemManage_Handler
 .text.BusFault_Handler
                0x08000956        0x2 build/stm32h7xx_it.o
                0x08000956                BusFault_Handler
 .text.UsageFault_Handler
                0x08000958        0x2 build/stm32h7xx_it.o
                0x08000958                UsageFault_Handler
 .text.SVC_Handler
                0x0800095a        0x2 build/stm32h7xx_it.o
                0x0800095a                SVC_Handler
 .text.DebugMon_Handler
                0x0800095c        0x2 build/stm32h7xx_it.o
                0x0800095c                DebugMon_Handler
 .text.PendSV_Handler
                0x0800095e        0x2 build/stm32h7xx_it.o
                0x0800095e                PendSV_Handler
 .text.SysTick_Handler
                0x08000960        0x8 build/stm32h7xx_it.o
                0x08000960                SysTick_Handler
 .text.HAL_MspInit
                0x08000968       0x24 build/stm32h7xx_hal_msp.o
                0x08000968                HAL_MspInit
 .text.HAL_ETH_MspInit
                0x0800098c      0x138 build/stm32h7xx_hal_msp.o
                0x0800098c                HAL_ETH_MspInit
 .text.HAL_UART_MspInit
                0x08000ac4       0x94 build/stm32h7xx_hal_msp.o
                0x08000ac4                HAL_UART_MspInit
 .text.HAL_NVIC_SetPriorityGrouping
                0x08000b58       0x24 build/stm32h7xx_hal_cortex.o
                0x08000b58                HAL_NVIC_SetPriorityGrouping
 .text.HAL_NVIC_SetPriority
                0x08000b7c       0x6c build/stm32h7xx_hal_cortex.o
                0x08000b7c                HAL_NVIC_SetPriority
 .text.HAL_SYSTICK_Config
                0x08000be8       0x28 build/stm32h7xx_hal_cortex.o
                0x08000be8                HAL_SYSTICK_Config
 .text.HAL_RCC_OscConfig
                0x08000c10      0x570 build/stm32h7xx_hal_rcc.o
                0x08000c10                HAL_RCC_OscConfig
 .text.HAL_RCC_GetSysClockFreq
                0x08001180      0x1f4 build/stm32h7xx_hal_rcc.o
                0x08001180                HAL_RCC_GetSysClockFreq
 .text.HAL_RCC_ClockConfig
                0x08001374      0x294 build/stm32h7xx_hal_rcc.o
                0x08001374                HAL_RCC_ClockConfig
 .text.HAL_RCC_GetHCLKFreq
                0x08001608       0x44 build/stm32h7xx_hal_rcc.o
                0x08001608                HAL_RCC_GetHCLKFreq
 .text.HAL_RCC_GetPCLK1Freq
                0x0800164c       0x24 build/stm32h7xx_hal_rcc.o
                0x0800164c                HAL_RCC_GetPCLK1Freq
 .text.HAL_RCC_GetPCLK2Freq
                0x08001670       0x24 build/stm32h7xx_hal_rcc.o
                0x08001670                HAL_RCC_GetPCLK2Freq
 .text.RCCEx_PLL2_Config
                0x08001694      0x10c build/stm32h7xx_hal_rcc_ex.o
 .text.RCCEx_PLL3_Config
                0x080017a0      0x10c build/stm32h7xx_hal_rcc_ex.o
 .text.HAL_RCCEx_PeriphCLKConfig
                0x080018ac      0x944 build/stm32h7xx_hal_rcc_ex.o
                0x080018ac                HAL_RCCEx_PeriphCLKConfig
 .text.HAL_RCCEx_GetD3PCLK1Freq
                0x080021f0       0x24 build/stm32h7xx_hal_rcc_ex.o
                0x080021f0                HAL_RCCEx_GetD3PCLK1Freq
 .text.HAL_RCCEx_GetPLL2ClockFreq
                0x08002214      0x1f8 build/stm32h7xx_hal_rcc_ex.o
                0x08002214                HAL_RCCEx_GetPLL2ClockFreq
 .text.HAL_RCCEx_GetPLL3ClockFreq
                0x0800240c      0x1f8 build/stm32h7xx_hal_rcc_ex.o
                0x0800240c                HAL_RCCEx_GetPLL3ClockFreq
 .text.HAL_GPIO_Init
                0x08002604      0x1f0 build/stm32h7xx_hal_gpio.o
                0x08002604                HAL_GPIO_Init
 .text.HAL_GPIO_WritePin
                0x080027f4        0xc build/stm32h7xx_hal_gpio.o
                0x080027f4                HAL_GPIO_WritePin
 .text.HAL_GPIO_TogglePin
                0x08002800       0x12 build/stm32h7xx_hal_gpio.o
                0x08002800                HAL_GPIO_TogglePin
 *fill*         0x08002812        0x2 
 .text.HAL_PWREx_ConfigSupply
                0x08002814       0x54 build/stm32h7xx_hal_pwr_ex.o
                0x08002814                HAL_PWREx_ConfigSupply
 .text.HAL_InitTick
                0x08002868       0x50 build/stm32h7xx_hal.o
                0x08002868                HAL_InitTick
 .text.HAL_Init
                0x080028b8       0x5c build/stm32h7xx_hal.o
                0x080028b8                HAL_Init
 .text.HAL_IncTick
                0x08002914       0x18 build/stm32h7xx_hal.o
                0x08002914                HAL_IncTick
 .text.HAL_GetTick
                0x0800292c        0xc build/stm32h7xx_hal.o
                0x0800292c                HAL_GetTick
 .text.HAL_Delay
                0x08002938       0x28 build/stm32h7xx_hal.o
                0x08002938                HAL_Delay
 .text.HAL_SYSCFG_ETHInterfaceSelect
                0x08002960       0x14 build/stm32h7xx_hal.o
                0x08002960                HAL_SYSCFG_ETHInterfaceSelect
 .text.ETH_SetMACConfig
                0x08002974      0x1b0 build/stm32h7xx_hal_eth.o
 .text.ETH_SetDMAConfig
                0x08002b24       0xb0 build/stm32h7xx_hal_eth.o
 .text.ETH_MACDMAConfig
                0x08002bd4       0xdc build/stm32h7xx_hal_eth.o
 .text.ETH_DMATxDescListInit
                0x08002cb0       0x5a build/stm32h7xx_hal_eth.o
 .text.ETH_DMARxDescListInit
                0x08002d0a       0x6e build/stm32h7xx_hal_eth.o
 .text.ETH_MAC_MDIO_ClkConfig
                0x08002d78       0x78 build/stm32h7xx_hal_eth.o
 .text.HAL_ETH_Init
                0x08002df0      0x138 build/stm32h7xx_hal_eth.o
                0x08002df0                HAL_ETH_Init
 .text.UART_SetConfig
                0x08002f28      0x6bc build/stm32h7xx_hal_uart.o
                0x08002f28                UART_SetConfig
 .text.UART_AdvFeatureConfig
                0x080035e4       0xca build/stm32h7xx_hal_uart.o
                0x080035e4                UART_AdvFeatureConfig
 .text.UART_WaitOnFlagUntilTimeout
                0x080036ae       0xb0 build/stm32h7xx_hal_uart.o
                0x080036ae                UART_WaitOnFlagUntilTimeout
 .text.UART_CheckIdleState
                0x0800375e       0x74 build/stm32h7xx_hal_uart.o
                0x0800375e                UART_CheckIdleState
 .text.HAL_UART_Init
                0x080037d2       0x66 build/stm32h7xx_hal_uart.o
                0x080037d2                HAL_UART_Init
 .text.UARTEx_SetNbDataToProcess
                0x08003838       0x4c build/stm32h7xx_hal_uart_ex.o
 .text.HAL_UARTEx_DisableFifoMode
                0x08003884       0x3e build/stm32h7xx_hal_uart_ex.o
                0x08003884                HAL_UARTEx_DisableFifoMode
 .text.HAL_UARTEx_SetTxFifoThreshold
                0x080038c2       0x4a build/stm32h7xx_hal_uart_ex.o
                0x080038c2                HAL_UARTEx_SetTxFifoThreshold
 .text.HAL_UARTEx_SetRxFifoThreshold
                0x0800390c       0x4a build/stm32h7xx_hal_uart_ex.o
                0x0800390c                HAL_UARTEx_SetRxFifoThreshold
 *fill*         0x08003956        0x2 
 .text.SystemInit
                0x08003958       0xb4 build/system_stm32h7xx.o
                0x08003958                SystemInit
 .text.Reset_Handler
                0x08003a0c       0x50 build/startup_stm32h723xx.o
                0x08003a0c                Reset_Handler
 .text.Default_Handler
                0x08003a5c        0x2 build/startup_stm32h723xx.o
                0x08003a5c                RTC_Alarm_IRQHandler
                0x08003a5c                EXTI2_IRQHandler
                0x08003a5c                TIM8_CC_IRQHandler
                0x08003a5c                UART8_IRQHandler
                0x08003a5c                SPI4_IRQHandler
                0x08003a5c                FDCAN3_IT0_IRQHandler
                0x08003a5c                TIM1_CC_IRQHandler
                0x08003a5c                BDMA_Channel6_IRQHandler
                0x08003a5c                DMA2_Stream5_IRQHandler
                0x08003a5c                DMA1_Stream5_IRQHandler
                0x08003a5c                CORDIC_IRQHandler
                0x08003a5c                BDMA_Channel1_IRQHandler
                0x08003a5c                TAMP_STAMP_IRQHandler
                0x08003a5c                EXTI3_IRQHandler
                0x08003a5c                LPTIM4_IRQHandler
                0x08003a5c                TIM8_TRG_COM_TIM14_IRQHandler
                0x08003a5c                LPTIM2_IRQHandler
                0x08003a5c                DFSDM1_FLT1_IRQHandler
                0x08003a5c                DMAMUX2_OVR_IRQHandler
                0x08003a5c                TIM8_UP_TIM13_IRQHandler
                0x08003a5c                I2C3_ER_IRQHandler
                0x08003a5c                DFSDM1_FLT2_IRQHandler
                0x08003a5c                I2C5_EV_IRQHandler
                0x08003a5c                USART10_IRQHandler
                0x08003a5c                MDMA_IRQHandler
                0x08003a5c                LPTIM3_IRQHandler
                0x08003a5c                HSEM1_IRQHandler
                0x08003a5c                EXTI0_IRQHandler
                0x08003a5c                I2C2_EV_IRQHandler
                0x08003a5c                DMA1_Stream2_IRQHandler
                0x08003a5c                FPU_IRQHandler
                0x08003a5c                OTG_HS_WKUP_IRQHandler
                0x08003a5c                FDCAN1_IT1_IRQHandler
                0x08003a5c                LTDC_ER_IRQHandler
                0x08003a5c                DMA2_Stream2_IRQHandler
                0x08003a5c                SPI1_IRQHandler
                0x08003a5c                OCTOSPI1_IRQHandler
                0x08003a5c                TIM6_DAC_IRQHandler
                0x08003a5c                DMA2_Stream3_IRQHandler
                0x08003a5c                OCTOSPI2_IRQHandler
                0x08003a5c                DFSDM1_FLT3_IRQHandler
                0x08003a5c                TIM23_IRQHandler
                0x08003a5c                USART6_IRQHandler
                0x08003a5c                TIM17_IRQHandler
                0x08003a5c                USART3_IRQHandler
                0x08003a5c                BDMA_Channel7_IRQHandler
                0x08003a5c                LPTIM5_IRQHandler
                0x08003a5c                UART5_IRQHandler
                0x08003a5c                ADC3_IRQHandler
                0x08003a5c                DMA2_Stream0_IRQHandler
                0x08003a5c                TIM4_IRQHandler
                0x08003a5c                BDMA_Channel2_IRQHandler
                0x08003a5c                I2C1_EV_IRQHandler
                0x08003a5c                DMA1_Stream6_IRQHandler
                0x08003a5c                DMAMUX1_OVR_IRQHandler
                0x08003a5c                DMA1_Stream1_IRQHandler
                0x08003a5c                TIM16_IRQHandler
                0x08003a5c                UART4_IRQHandler
                0x08003a5c                BDMA_Channel5_IRQHandler
                0x08003a5c                TIM3_IRQHandler
                0x08003a5c                RCC_IRQHandler
                0x08003a5c                UART9_IRQHandler
                0x08003a5c                TIM8_BRK_TIM12_IRQHandler
                0x08003a5c                TIM1_TRG_COM_IRQHandler
                0x08003a5c                Default_Handler
                0x08003a5c                ECC_IRQHandler
                0x08003a5c                FMAC_IRQHandler
                0x08003a5c                CEC_IRQHandler
                0x08003a5c                EXTI15_10_IRQHandler
                0x08003a5c                BDMA_Channel0_IRQHandler
                0x08003a5c                ADC_IRQHandler
                0x08003a5c                I2C5_ER_IRQHandler
                0x08003a5c                DMA1_Stream7_IRQHandler
                0x08003a5c                SPI5_IRQHandler
                0x08003a5c                TIM7_IRQHandler
                0x08003a5c                FDCAN3_IT1_IRQHandler
                0x08003a5c                SDMMC1_IRQHandler
                0x08003a5c                TIM5_IRQHandler
                0x08003a5c                DMA2_Stream7_IRQHandler
                0x08003a5c                TIM15_IRQHandler
                0x08003a5c                PVD_AVD_IRQHandler
                0x08003a5c                I2C3_EV_IRQHandler
                0x08003a5c                EXTI9_5_IRQHandler
                0x08003a5c                RTC_WKUP_IRQHandler
                0x08003a5c                LTDC_IRQHandler
                0x08003a5c                ETH_WKUP_IRQHandler
                0x08003a5c                SPDIF_RX_IRQHandler
                0x08003a5c                SPI2_IRQHandler
                0x08003a5c                OTG_HS_EP1_IN_IRQHandler
                0x08003a5c                DMA1_Stream0_IRQHandler
                0x08003a5c                TIM24_IRQHandler
                0x08003a5c                CRS_IRQHandler
                0x08003a5c                EXTI4_IRQHandler
                0x08003a5c                RNG_IRQHandler
                0x08003a5c                FDCAN2_IT1_IRQHandler
                0x08003a5c                ETH_IRQHandler
                0x08003a5c                TIM1_UP_IRQHandler
                0x08003a5c                BDMA_Channel4_IRQHandler
                0x08003a5c                OTG_HS_EP1_OUT_IRQHandler
                0x08003a5c                WWDG_IRQHandler
                0x08003a5c                SPI6_IRQHandler
                0x08003a5c                MDIOS_IRQHandler
                0x08003a5c                I2C4_EV_IRQHandler
                0x08003a5c                FDCAN2_IT0_IRQHandler
                0x08003a5c                LPUART1_IRQHandler
                0x08003a5c                FDCAN1_IT0_IRQHandler
                0x08003a5c                TIM2_IRQHandler
                0x08003a5c                OTG_HS_IRQHandler
                0x08003a5c                DMA2D_IRQHandler
                0x08003a5c                TIM1_BRK_IRQHandler
                0x08003a5c                EXTI1_IRQHandler
                0x08003a5c                SDMMC2_IRQHandler
                0x08003a5c                BDMA_Channel3_IRQHandler
                0x08003a5c                DTS_IRQHandler
                0x08003a5c                UART7_IRQHandler
                0x08003a5c                MDIOS_WKUP_IRQHandler
                0x08003a5c                USART2_IRQHandler
                0x08003a5c                DFSDM1_FLT0_IRQHandler
                0x08003a5c                SAI4_IRQHandler
                0x08003a5c                I2C2_ER_IRQHandler
                0x08003a5c                DMA2_Stream1_IRQHandler
                0x08003a5c                FLASH_IRQHandler
                0x08003a5c                DMA2_Stream4_IRQHandler
                0x08003a5c                USART1_IRQHandler
                0x08003a5c                SPI3_IRQHandler
                0x08003a5c                WAKEUP_PIN_IRQHandler
                0x08003a5c                DMA1_Stream4_IRQHandler
                0x08003a5c                I2C1_ER_IRQHandler
                0x08003a5c                FMC_IRQHandler
                0x08003a5c                FDCAN_CAL_IRQHandler
                0x08003a5c                SWPMI1_IRQHandler
                0x08003a5c                COMP1_IRQHandler
                0x08003a5c                LPTIM1_IRQHandler
                0x08003a5c                DCMI_PSSI_IRQHandler
                0x08003a5c                I2C4_ER_IRQHandler
                0x08003a5c                DMA2_Stream6_IRQHandler
                0x08003a5c                SAI1_IRQHandler
                0x08003a5c                DMA1_Stream3_IRQHandler
 *fill*         0x08003a5e        0x2 
 .text.__libc_init_array
                0x08003a60       0x48 c:/dev/tools/gcc-arm-none-eabi-10-2020-q4-major/bin/../lib/gcc/arm-none-eabi/10.2.1/../../../../arm-none-eabi/lib/thumb/v7e-m+dp/hard\libc_nano.a(lib_a-init.o)
                0x08003a60                __libc_init_array
 .text.memset   0x08003aa8       0x10 c:/dev/tools/gcc-arm-none-eabi-10-2020-q4-major/bin/../lib/gcc/arm-none-eabi/10.2.1/../../../../arm-none-eabi/lib/thumb/v7e-m+dp/hard\libc_nano.a(lib_a-memset.o)
                0x08003aa8                memset
 *(.glue_7)
 .glue_7        0x08003ab8        0x0 linker stubs
 *(.glue_7t)
 .glue_7t       0x08003ab8        0x0 linker stubs
 *(.eh_frame)
 .eh_frame      0x08003ab8        0x0 c:/dev/tools/gcc-arm-none-eabi-10-2020-q4-major/bin/../lib/gcc/arm-none-eabi/10.2.1/thumb/v7e-m+dp/hard/crtbegin.o
 *(.init)
 .init          0x08003ab8        0x4 c:/dev/tools/gcc-arm-none-eabi-10-2020-q4-major/bin/../lib/gcc/arm-none-eabi/10.2.1/thumb/v7e-m+dp/hard/crti.o
                0x08003ab8                _init
 .init          0x08003abc        0x8 c:/dev/tools/gcc-arm-none-eabi-10-2020-q4-major/bin/../lib/gcc/arm-none-eabi/10.2.1/thumb/v7e-m+dp/hard/crtn.o
 *(.fini)
 .fini          0x08003ac4        0x4 c:/dev/tools/gcc-arm-none-eabi-10-2020-q4-major/bin/../lib/gcc/arm-none-eabi/10.2.1/thumb/v7e-m+dp/hard/crti.o
                0x08003ac4                _fini
 .fini          0x08003ac8        0x8 c:/dev/tools/gcc-arm-none-eabi-10-2020-q4-major/bin/../lib/gcc/arm-none-eabi/10.2.1/thumb/v7e-m+dp/hard/crtn.o
                0x08003ad0                . = ALIGN (0x4)
                0x08003ad0                _etext = .

.vfp11_veneer   0x08003ad0        0x0
 .vfp11_veneer  0x08003ad0        0x0 linker stubs

.v4_bx          0x08003ad0        0x0
 .v4_bx         0x08003ad0        0x0 linker stubs

.iplt           0x08003ad0        0x0
 .iplt          0x08003ad0        0x0 c:/dev/tools/gcc-arm-none-eabi-10-2020-q4-major/bin/../lib/gcc/arm-none-eabi/10.2.1/thumb/v7e-m+dp/hard/crtbegin.o

.rodata         0x08003ad0       0x38
                0x08003ad0                . = ALIGN (0x4)
 *(.rodata)
 *(.rodata*)
 .rodata.UARTPrescTable
                0x08003ad0       0x18 build/stm32h7xx_hal_uart.o
                0x08003ad0                UARTPrescTable
 .rodata.denominator.0
                0x08003ae8        0x8 build/stm32h7xx_hal_uart_ex.o
 .rodata.numerator.1
                0x08003af0        0x8 build/stm32h7xx_hal_uart_ex.o
 .rodata.D1CorePrescTable
                0x08003af8       0x10 build/system_stm32h7xx.o
                0x08003af8                D1CorePrescTable
                0x08003b08                . = ALIGN (0x4)

.ARM.extab
 *(.ARM.extab* .gnu.linkonce.armextab.*)

.ARM            0x08003b08        0x8
                0x08003b08                __exidx_start = .
 *(.ARM.exidx*)
 .ARM.exidx     0x08003b08        0x8 c:/dev/tools/gcc-arm-none-eabi-10-2020-q4-major/bin/../lib/gcc/arm-none-eabi/10.2.1/thumb/v7e-m+dp/hard\libgcc.a(_udivmoddi4.o)
                0x08003b10                __exidx_end = .

.rel.dyn        0x08003b10        0x0
 .rel.iplt      0x08003b10        0x0 c:/dev/tools/gcc-arm-none-eabi-10-2020-q4-major/bin/../lib/gcc/arm-none-eabi/10.2.1/thumb/v7e-m+dp/hard/crtbegin.o

.preinit_array  0x08003b10        0x0
                0x08003b10                PROVIDE (__preinit_array_start = .)
 *(.preinit_array*)
                0x08003b10                PROVIDE (__preinit_array_end = .)

.init_array     0x08003b10        0x4
                0x08003b10                PROVIDE (__init_array_start = .)
 *(SORT_BY_NAME(.init_array.*))
 *(.init_array*)
 .init_array    0x08003b10        0x4 c:/dev/tools/gcc-arm-none-eabi-10-2020-q4-major/bin/../lib/gcc/arm-none-eabi/10.2.1/thumb/v7e-m+dp/hard/crtbegin.o
                0x08003b14                PROVIDE (__init_array_end = .)

.fini_array     0x08003b14        0x4
                [!provide]                PROVIDE (__fini_array_start = .)
 *(SORT_BY_NAME(.fini_array.*))
 *(.fini_array*)
 .fini_array    0x08003b14        0x4 c:/dev/tools/gcc-arm-none-eabi-10-2020-q4-major/bin/../lib/gcc/arm-none-eabi/10.2.1/thumb/v7e-m+dp/hard/crtbegin.o
                [!provide]                PROVIDE (__fini_array_end = .)
                0x08003b18                _sidata = LOADADDR (.data)

.data           0x20000000       0x10 load address 0x08003b18
                0x20000000                . = ALIGN (0x4)
                0x20000000                _sdata = .
 *(.data)
 *(.data*)
 .data.uwTickFreq
                0x20000000        0x1 build/stm32h7xx_hal.o
                0x20000000                uwTickFreq
 *fill*         0x20000001        0x3 
 .data.uwTickPrio
                0x20000004        0x4 build/stm32h7xx_hal.o
                0x20000004                uwTickPrio
 .data.SystemCoreClock
                0x20000008        0x4 build/system_stm32h7xx.o
                0x20000008                SystemCoreClock
 .data.SystemD2Clock
                0x2000000c        0x4 build/system_stm32h7xx.o
                0x2000000c                SystemD2Clock
                0x20000010                . = ALIGN (0x4)
                0x20000010                _edata = .

.igot.plt       0x20000010        0x0 load address 0x08003b28
 .igot.plt      0x20000010        0x0 c:/dev/tools/gcc-arm-none-eabi-10-2020-q4-major/bin/../lib/gcc/arm-none-eabi/10.2.1/thumb/v7e-m+dp/hard/crtbegin.o

.RxDecripSection
                0x20000010       0x60 load address 0x08003b28
 .RxDecripSection
                0x20000010       0x60 build/main.o
                0x20000010                DMARxDscrTab

.TxDecripSection
                0x20000070       0x60 load address 0x08003b88
 .TxDecripSection
                0x20000070       0x60 build/main.o
                0x20000070                DMATxDscrTab
                0x200000d0                . = ALIGN (0x4)

.bss            0x200000d0      0x16c load address 0x08003be8
                0x200000d0                _sbss = .
                0x200000d0                __bss_start__ = _sbss
 *(.bss)
 .bss           0x200000d0       0x1c c:/dev/tools/gcc-arm-none-eabi-10-2020-q4-major/bin/../lib/gcc/arm-none-eabi/10.2.1/thumb/v7e-m+dp/hard/crtbegin.o
 *(.bss*)
 .bss.TxConfig  0x200000ec       0x34 build/main.o
                0x200000ec                TxConfig
 .bss.heth      0x20000120       0x88 build/main.o
                0x20000120                heth
 .bss.huart3    0x200001a8       0x90 build/main.o
                0x200001a8                huart3
 .bss.uwTick    0x20000238        0x4 build/stm32h7xx_hal.o
                0x20000238                uwTick
 *(COMMON)
                0x2000023c                . = ALIGN (0x4)
                0x2000023c                _ebss = .
                0x2000023c                __bss_end__ = _ebss

._user_heap_stack
                0x2000023c      0x604 load address 0x08003be8
                0x20000240                . = ALIGN (0x8)
 *fill*         0x2000023c        0x4 
                [!provide]                PROVIDE (end = .)
                [!provide]                PROVIDE (_end = .)
                0x20000440                . = (. + _Min_Heap_Size)
 *fill*         0x20000240      0x200 
                0x20000840                . = (. + _Min_Stack_Size)
 *fill*         0x20000440      0x400 
                0x20000840                . = ALIGN (0x8)

/DISCARD/
 libc.a(*)
 libm.a(*)
 libgcc.a(*)

.ARM.attributes
                0x00000000       0x2e
 *(.ARM.attributes)
 .ARM.attributes
                0x00000000       0x1e c:/dev/tools/gcc-arm-none-eabi-10-2020-q4-major/bin/../lib/gcc/arm-none-eabi/10.2.1/thumb/v7e-m+dp/hard/crti.o
 .ARM.attributes
                0x0000001e       0x32 c:/dev/tools/gcc-arm-none-eabi-10-2020-q4-major/bin/../lib/gcc/arm-none-eabi/10.2.1/thumb/v7e-m+dp/hard/crtbegin.o
 .ARM.attributes
                0x00000050       0x32 build/main.o
 .ARM.attributes
                0x00000082       0x32 build/stm32h7xx_it.o
 .ARM.attributes
                0x000000b4       0x32 build/stm32h7xx_hal_msp.o
 .ARM.attributes
                0x000000e6       0x32 build/stm32h7xx_hal_cortex.o
 .ARM.attributes
                0x00000118       0x32 build/stm32h7xx_hal_rcc.o
 .ARM.attributes
                0x0000014a       0x32 build/stm32h7xx_hal_rcc_ex.o
 .ARM.attributes
                0x0000017c       0x32 build/stm32h7xx_hal_gpio.o
 .ARM.attributes
                0x000001ae       0x32 build/stm32h7xx_hal_pwr_ex.o
 .ARM.attributes
                0x000001e0       0x32 build/stm32h7xx_hal.o
 .ARM.attributes
                0x00000212       0x32 build/stm32h7xx_hal_eth.o
 .ARM.attributes
                0x00000244       0x32 build/stm32h7xx_hal_uart.o
 .ARM.attributes
                0x00000276       0x32 build/stm32h7xx_hal_uart_ex.o
 .ARM.attributes
                0x000002a8       0x32 build/system_stm32h7xx.o
 .ARM.attributes
                0x000002da       0x21 build/startup_stm32h723xx.o
 .ARM.attributes
                0x000002fb       0x32 c:/dev/tools/gcc-arm-none-eabi-10-2020-q4-major/bin/../lib/gcc/arm-none-eabi/10.2.1/../../../../arm-none-eabi/lib/thumb/v7e-m+dp/hard\libc_nano.a(lib_a-init.o)
 .ARM.attributes
                0x0000032d       0x32 c:/dev/tools/gcc-arm-none-eabi-10-2020-q4-major/bin/../lib/gcc/arm-none-eabi/10.2.1/../../../../arm-none-eabi/lib/thumb/v7e-m+dp/hard\libc_nano.a(lib_a-memset.o)
 .ARM.attributes
                0x0000035f       0x1e c:/dev/tools/gcc-arm-none-eabi-10-2020-q4-major/bin/../lib/gcc/arm-none-eabi/10.2.1/thumb/v7e-m+dp/hard\libgcc.a(_aeabi_uldivmod.o)
 .ARM.attributes
                0x0000037d       0x32 c:/dev/tools/gcc-arm-none-eabi-10-2020-q4-major/bin/../lib/gcc/arm-none-eabi/10.2.1/thumb/v7e-m+dp/hard\libgcc.a(_udivmoddi4.o)
 .ARM.attributes
                0x000003af       0x1e c:/dev/tools/gcc-arm-none-eabi-10-2020-q4-major/bin/../lib/gcc/arm-none-eabi/10.2.1/thumb/v7e-m+dp/hard\libgcc.a(_dvmd_tls.o)
 .ARM.attributes
                0x000003cd       0x1e c:/dev/tools/gcc-arm-none-eabi-10-2020-q4-major/bin/../lib/gcc/arm-none-eabi/10.2.1/thumb/v7e-m+dp/hard/crtn.o
OUTPUT(build/MakeTest.elf elf32-littlearm)
LOAD linker stubs
LOAD c:/dev/tools/gcc-arm-none-eabi-10-2020-q4-major/bin/../lib/gcc/arm-none-eabi/10.2.1/../../../../arm-none-eabi/lib/thumb/v7e-m+dp/hard\libc.a
LOAD c:/dev/tools/gcc-arm-none-eabi-10-2020-q4-major/bin/../lib/gcc/arm-none-eabi/10.2.1/../../../../arm-none-eabi/lib/thumb/v7e-m+dp/hard\libm.a
LOAD c:/dev/tools/gcc-arm-none-eabi-10-2020-q4-major/bin/../lib/gcc/arm-none-eabi/10.2.1/thumb/v7e-m+dp/hard\libgcc.a

.debug_info     0x00000000    0x1434a
 .debug_info    0x00000000     0x26fb build/main.o
 .debug_info    0x000026fb      0x170 build/stm32h7xx_it.o
 .debug_info    0x0000286b     0x23c8 build/stm32h7xx_hal_msp.o
 .debug_info    0x00004c33     0x14fb build/stm32h7xx_hal_cortex.o
 .debug_info    0x0000612e     0x125e build/stm32h7xx_hal_rcc.o
 .debug_info    0x0000738c     0x1b78 build/stm32h7xx_hal_rcc_ex.o
 .debug_info    0x00008f04      0xef0 build/stm32h7xx_hal_gpio.o
 .debug_info    0x00009df4     0x114d build/stm32h7xx_hal_pwr_ex.o
 .debug_info    0x0000af41     0x1a79 build/stm32h7xx_hal.o
 .debug_info    0x0000c9ba     0x3099 build/stm32h7xx_hal_eth.o
 .debug_info    0x0000fa53     0x2bac build/stm32h7xx_hal_uart.o
 .debug_info    0x000125ff     0x106e build/stm32h7xx_hal_uart_ex.o
 .debug_info    0x0001366d      0xcbb build/system_stm32h7xx.o
 .debug_info    0x00014328       0x22 build/startup_stm32h723xx.o

.debug_abbrev   0x00000000     0x1e3e
 .debug_abbrev  0x00000000      0x2a6 build/main.o
 .debug_abbrev  0x000002a6       0x81 build/stm32h7xx_it.o
 .debug_abbrev  0x00000327      0x1f2 build/stm32h7xx_hal_msp.o
 .debug_abbrev  0x00000519      0x395 build/stm32h7xx_hal_cortex.o
 .debug_abbrev  0x000008ae      0x269 build/stm32h7xx_hal_rcc.o
 .debug_abbrev  0x00000b17      0x286 build/stm32h7xx_hal_rcc_ex.o
 .debug_abbrev  0x00000d9d      0x253 build/stm32h7xx_hal_gpio.o
 .debug_abbrev  0x00000ff0      0x2b6 build/stm32h7xx_hal_pwr_ex.o
 .debug_abbrev  0x000012a6      0x26a build/stm32h7xx_hal.o
 .debug_abbrev  0x00001510      0x2aa build/stm32h7xx_hal_eth.o
 .debug_abbrev  0x000017ba      0x2e1 build/stm32h7xx_hal_uart.o
 .debug_abbrev  0x00001a9b      0x267 build/stm32h7xx_hal_uart_ex.o
 .debug_abbrev  0x00001d02      0x12a build/system_stm32h7xx.o
 .debug_abbrev  0x00001e2c       0x12 build/startup_stm32h723xx.o

.debug_loc      0x00000000     0x98e0
 .debug_loc     0x00000000       0xdf build/main.o
 .debug_loc     0x000000df       0x20 build/stm32h7xx_it.o
 .debug_loc     0x000000ff      0x1e0 build/stm32h7xx_hal_msp.o
 .debug_loc     0x000002df      0x786 build/stm32h7xx_hal_cortex.o
 .debug_loc     0x00000a65      0xa25 build/stm32h7xx_hal_rcc.o
 .debug_loc     0x0000148a     0x19af build/stm32h7xx_hal_rcc_ex.o
 .debug_loc     0x00002e39      0x483 build/stm32h7xx_hal_gpio.o
 .debug_loc     0x000032bc      0x5ab build/stm32h7xx_hal_pwr_ex.o
 .debug_loc     0x00003867      0x526 build/stm32h7xx_hal.o
 .debug_loc     0x00003d8d     0x2383 build/stm32h7xx_hal_eth.o
 .debug_loc     0x00006110     0x29f4 build/stm32h7xx_hal_uart.o
 .debug_loc     0x00008b04      0xc04 build/stm32h7xx_hal_uart_ex.o
 .debug_loc     0x00009708      0x1d8 build/system_stm32h7xx.o

.debug_aranges  0x00000000      0xb68
 .debug_aranges
                0x00000000       0x48 build/main.o
 .debug_aranges
                0x00000048       0x60 build/stm32h7xx_it.o
 .debug_aranges
                0x000000a8       0x40 build/stm32h7xx_hal_msp.o
 .debug_aranges
                0x000000e8       0xb0 build/stm32h7xx_hal_cortex.o
 .debug_aranges
                0x00000198       0x88 build/stm32h7xx_hal_rcc.o
 .debug_aranges
                0x00000220       0xf8 build/stm32h7xx_hal_rcc_ex.o
 .debug_aranges
                0x00000318       0x58 build/stm32h7xx_hal_gpio.o
 .debug_aranges
                0x00000370      0x148 build/stm32h7xx_hal_pwr_ex.o
 .debug_aranges
                0x000004b8      0x1c8 build/stm32h7xx_hal.o
 .debug_aranges
                0x00000680      0x1b0 build/stm32h7xx_hal_eth.o
 .debug_aranges
                0x00000830      0x248 build/stm32h7xx_hal_uart.o
 .debug_aranges
                0x00000a78       0xa0 build/stm32h7xx_hal_uart_ex.o
 .debug_aranges
                0x00000b18       0x28 build/system_stm32h7xx.o
 .debug_aranges
                0x00000b40       0x28 build/startup_stm32h723xx.o

.debug_ranges   0x00000000      0xbc0
 .debug_ranges  0x00000000       0x38 build/main.o
 .debug_ranges  0x00000038       0x50 build/stm32h7xx_it.o
 .debug_ranges  0x00000088       0x30 build/stm32h7xx_hal_msp.o
 .debug_ranges  0x000000b8      0x100 build/stm32h7xx_hal_cortex.o
 .debug_ranges  0x000001b8       0xe8 build/stm32h7xx_hal_rcc.o
 .debug_ranges  0x000002a0       0xe8 build/stm32h7xx_hal_rcc_ex.o
 .debug_ranges  0x00000388       0x48 build/stm32h7xx_hal_gpio.o
 .debug_ranges  0x000003d0      0x198 build/stm32h7xx_hal_pwr_ex.o
 .debug_ranges  0x00000568      0x1b8 build/stm32h7xx_hal.o
 .debug_ranges  0x00000720      0x1a0 build/stm32h7xx_hal_eth.o
 .debug_ranges  0x000008c0      0x238 build/stm32h7xx_hal_uart.o
 .debug_ranges  0x00000af8       0x90 build/stm32h7xx_hal_uart_ex.o
 .debug_ranges  0x00000b88       0x18 build/system_stm32h7xx.o
 .debug_ranges  0x00000ba0       0x20 build/startup_stm32h723xx.o

.debug_line     0x00000000     0xb6ac
 .debug_line    0x00000000      0x632 build/main.o
 .debug_line    0x00000632      0x172 build/stm32h7xx_it.o
 .debug_line    0x000007a4      0x406 build/stm32h7xx_hal_msp.o
 .debug_line    0x00000baa      0x781 build/stm32h7xx_hal_cortex.o
 .debug_line    0x0000132b     0x1152 build/stm32h7xx_hal_rcc.o
 .debug_line    0x0000247d     0x1c27 build/stm32h7xx_hal_rcc_ex.o
 .debug_line    0x000040a4      0x692 build/stm32h7xx_hal_gpio.o
 .debug_line    0x00004736      0x9a5 build/stm32h7xx_hal_pwr_ex.o
 .debug_line    0x000050db      0x94e build/stm32h7xx_hal.o
 .debug_line    0x00005a29     0x1ff3 build/stm32h7xx_hal_eth.o
 .debug_line    0x00007a1c     0x2d47 build/stm32h7xx_hal_uart.o
 .debug_line    0x0000a763      0xab2 build/stm32h7xx_hal_uart_ex.o
 .debug_line    0x0000b215      0x421 build/system_stm32h7xx.o
 .debug_line    0x0000b636       0x76 build/startup_stm32h723xx.o

.debug_str      0x00000000     0x545e
 .debug_str     0x00000000     0x1472 build/main.o
                               0x15b2 (size before relaxing)
 .debug_str     0x00001472       0xaf build/stm32h7xx_it.o
                                0x215 (size before relaxing)
 .debug_str     0x00001521      0x3ad build/stm32h7xx_hal_msp.o
                               0x152b (size before relaxing)
 .debug_str     0x000018ce      0xd5e build/stm32h7xx_hal_cortex.o
                                0xfe4 (size before relaxing)
 .debug_str     0x0000262c      0x33a build/stm32h7xx_hal_rcc.o
                                0x996 (size before relaxing)
 .debug_str     0x00002966      0x678 build/stm32h7xx_hal_rcc_ex.o
                                0xeaf (size before relaxing)
 .debug_str     0x00002fde      0x144 build/stm32h7xx_hal_gpio.o
                                0x6b1 (size before relaxing)
 .debug_str     0x00003122      0x51f build/stm32h7xx_hal_pwr_ex.o
                                0x98f (size before relaxing)
 .debug_str     0x00003641      0x725 build/stm32h7xx_hal.o
                               0x156d (size before relaxing)
 .debug_str     0x00003d66      0xb53 build/stm32h7xx_hal_eth.o
                               0x196b (size before relaxing)
 .debug_str     0x000048b9      0x929 build/stm32h7xx_hal_uart.o
                               0x1442 (size before relaxing)
 .debug_str     0x000051e2      0x220 build/stm32h7xx_hal_uart_ex.o
                                0xb11 (size before relaxing)
 .debug_str     0x00005402       0x38 build/system_stm32h7xx.o
                                0x673 (size before relaxing)
 .debug_str     0x0000543a       0x24 build/startup_stm32h723xx.o
                                 0x43 (size before relaxing)

.comment        0x00000000       0x4d
 .comment       0x00000000       0x4d build/main.o
                                 0x4e (size before relaxing)
 .comment       0x0000004d       0x4e build/stm32h7xx_it.o
 .comment       0x0000004d       0x4e build/stm32h7xx_hal_msp.o
 .comment       0x0000004d       0x4e build/stm32h7xx_hal_cortex.o
 .comment       0x0000004d       0x4e build/stm32h7xx_hal_rcc.o
 .comment       0x0000004d       0x4e build/stm32h7xx_hal_rcc_ex.o
 .comment       0x0000004d       0x4e build/stm32h7xx_hal_gpio.o
 .comment       0x0000004d       0x4e build/stm32h7xx_hal_pwr_ex.o
 .comment       0x0000004d       0x4e build/stm32h7xx_hal.o
 .comment       0x0000004d       0x4e build/stm32h7xx_hal_eth.o
 .comment       0x0000004d       0x4e build/stm32h7xx_hal_uart.o
 .comment       0x0000004d       0x4e build/stm32h7xx_hal_uart_ex.o
 .comment       0x0000004d       0x4e build/system_stm32h7xx.o

.debug_frame    0x00000000     0x1c64
 .debug_frame   0x00000000       0xb0 build/main.o
 .debug_frame   0x000000b0       0xa8 build/stm32h7xx_it.o
 .debug_frame   0x00000158       0xa0 build/stm32h7xx_hal_msp.o
 .debug_frame   0x000001f8      0x158 build/stm32h7xx_hal_cortex.o
 .debug_frame   0x00000350      0x184 build/stm32h7xx_hal_rcc.o
 .debug_frame   0x000004d4      0x26c build/stm32h7xx_hal_rcc_ex.o
 .debug_frame   0x00000740       0xd0 build/stm32h7xx_hal_gpio.o
 .debug_frame   0x00000810      0x2d4 build/stm32h7xx_hal_pwr_ex.o
 .debug_frame   0x00000ae4      0x3c0 build/stm32h7xx_hal.o
 .debug_frame   0x00000ea4      0x49c build/stm32h7xx_hal_eth.o
 .debug_frame   0x00001340      0x674 build/stm32h7xx_hal_uart.o
 .debug_frame   0x000019b4      0x1c8 build/stm32h7xx_hal_uart_ex.o
 .debug_frame   0x00001b7c       0x3c build/system_stm32h7xx.o
 .debug_frame   0x00001bb8       0x2c c:/dev/tools/gcc-arm-none-eabi-10-2020-q4-major/bin/../lib/gcc/arm-none-eabi/10.2.1/../../../../arm-none-eabi/lib/thumb/v7e-m+dp/hard\libc_nano.a(lib_a-init.o)
 .debug_frame   0x00001be4       0x20 c:/dev/tools/gcc-arm-none-eabi-10-2020-q4-major/bin/../lib/gcc/arm-none-eabi/10.2.1/../../../../arm-none-eabi/lib/thumb/v7e-m+dp/hard\libc_nano.a(lib_a-memset.o)
 .debug_frame   0x00001c04       0x2c c:/dev/tools/gcc-arm-none-eabi-10-2020-q4-major/bin/../lib/gcc/arm-none-eabi/10.2.1/thumb/v7e-m+dp/hard\libgcc.a(_aeabi_uldivmod.o)
 .debug_frame   0x00001c30       0x34 c:/dev/tools/gcc-arm-none-eabi-10-2020-q4-major/bin/../lib/gcc/arm-none-eabi/10.2.1/thumb/v7e-m+dp/hard\libgcc.a(_udivmoddi4.o)

Cross Reference Table

Symbol                                            File
ADC3_IRQHandler                                   build/startup_stm32h723xx.o
ADC_IRQHandler                                    build/startup_stm32h723xx.o
BDMA_Channel0_IRQHandler                          build/startup_stm32h723xx.o
BDMA_Channel1_IRQHandler                          build/startup_stm32h723xx.o
BDMA_Channel2_IRQHandler                          build/startup_stm32h723xx.o
BDMA_Channel3_IRQHandler                          build/startup_stm32h723xx.o
BDMA_Channel4_IRQHandler                          build/startup_stm32h723xx.o
BDMA_Channel5_IRQHandler                          build/startup_stm32h723xx.o
BDMA_Channel6_IRQHandler                          build/startup_stm32h723xx.o
BDMA_Channel7_IRQHandler                          build/startup_stm32h723xx.o
BusFault_Handler                                  build/stm32h7xx_it.o
CEC_IRQHandler                                    build/startup_stm32h723xx.o
COMP1_IRQHandler                                  build/startup_stm32h723xx.o
CORDIC_IRQHandler                                 build/startup_stm32h723xx.o
CRS_IRQHandler                                    build/startup_stm32h723xx.o
D1CorePrescTable                                  build/system_stm32h7xx.o
                                                  build/stm32h7xx_hal.o
                                                  build/stm32h7xx_hal_rcc_ex.o
                                                  build/stm32h7xx_hal_rcc.o
DCMI_PSSI_IRQHandler                              build/startup_stm32h723xx.o
DFSDM1_FLT0_IRQHandler                            build/startup_stm32h723xx.o
DFSDM1_FLT1_IRQHandler                            build/startup_stm32h723xx.o
DFSDM1_FLT2_IRQHandler                            build/startup_stm32h723xx.o
DFSDM1_FLT3_IRQHandler                            build/startup_stm32h723xx.o
DMA1_Stream0_IRQHandler                           build/startup_stm32h723xx.o
DMA1_Stream1_IRQHandler                           build/startup_stm32h723xx.o
DMA1_Stream2_IRQHandler                           build/startup_stm32h723xx.o
DMA1_Stream3_IRQHandler                           build/startup_stm32h723xx.o
DMA1_Stream4_IRQHandler                           build/startup_stm32h723xx.o
DMA1_Stream5_IRQHandler                           build/startup_stm32h723xx.o
DMA1_Stream6_IRQHandler                           build/startup_stm32h723xx.o
DMA1_Stream7_IRQHandler                           build/startup_stm32h723xx.o
DMA2D_IRQHandler                                  build/startup_stm32h723xx.o
DMA2_Stream0_IRQHandler                           build/startup_stm32h723xx.o
DMA2_Stream1_IRQHandler                           build/startup_stm32h723xx.o
DMA2_Stream2_IRQHandler                           build/startup_stm32h723xx.o
DMA2_Stream3_IRQHandler                           build/startup_stm32h723xx.o
DMA2_Stream4_IRQHandler                           build/startup_stm32h723xx.o
DMA2_Stream5_IRQHandler                           build/startup_stm32h723xx.o
DMA2_Stream6_IRQHandler                           build/startup_stm32h723xx.o
DMA2_Stream7_IRQHandler                           build/startup_stm32h723xx.o
DMAMUX1_OVR_IRQHandler                            build/startup_stm32h723xx.o
DMAMUX2_OVR_IRQHandler                            build/startup_stm32h723xx.o
DMARxDscrTab                                      build/main.o
DMATxDscrTab                                      build/main.o
DTS_IRQHandler                                    build/startup_stm32h723xx.o
DebugMon_Handler                                  build/stm32h7xx_it.o
Default_Handler                                   build/startup_stm32h723xx.o
ECC_IRQHandler                                    build/startup_stm32h723xx.o
ETH_IRQHandler                                    build/startup_stm32h723xx.o
ETH_WKUP_IRQHandler                               build/startup_stm32h723xx.o
EXTI0_IRQHandler                                  build/startup_stm32h723xx.o
EXTI15_10_IRQHandler                              build/startup_stm32h723xx.o
EXTI1_IRQHandler                                  build/startup_stm32h723xx.o
EXTI2_IRQHandler                                  build/startup_stm32h723xx.o
EXTI3_IRQHandler                                  build/startup_stm32h723xx.o
EXTI4_IRQHandler                                  build/startup_stm32h723xx.o
EXTI9_5_IRQHandler                                build/startup_stm32h723xx.o
Error_Handler                                     build/main.o
                                                  build/stm32h7xx_hal_msp.o
FDCAN1_IT0_IRQHandler                             build/startup_stm32h723xx.o
FDCAN1_IT1_IRQHandler                             build/startup_stm32h723xx.o
FDCAN2_IT0_IRQHandler                             build/startup_stm32h723xx.o
FDCAN2_IT1_IRQHandler                             build/startup_stm32h723xx.o
FDCAN3_IT0_IRQHandler                             build/startup_stm32h723xx.o
FDCAN3_IT1_IRQHandler                             build/startup_stm32h723xx.o
FDCAN_CAL_IRQHandler                              build/startup_stm32h723xx.o
FLASH_CRC_WaitForLastOperation                    build/stm32h7xx_hal_flash.o
                                                  build/stm32h7xx_hal_flash_ex.o
FLASH_Erase_Sector                                build/stm32h7xx_hal_flash_ex.o
                                                  build/stm32h7xx_hal_flash.o
FLASH_IRQHandler                                  build/startup_stm32h723xx.o
FLASH_OB_WaitForLastOperation                     build/stm32h7xx_hal_flash.o
                                                  build/stm32h7xx_hal_flash_ex.o
FLASH_WaitForLastOperation                        build/stm32h7xx_hal_flash.o
                                                  build/stm32h7xx_hal_flash_ex.o
FMAC_IRQHandler                                   build/startup_stm32h723xx.o
FMC_IRQHandler                                    build/startup_stm32h723xx.o
FPU_IRQHandler                                    build/startup_stm32h723xx.o
HAL_DBGMCU_DisableDBGSleepMode                    build/stm32h7xx_hal.o
HAL_DBGMCU_DisableDBGStandbyMode                  build/stm32h7xx_hal.o
HAL_DBGMCU_DisableDBGStopMode                     build/stm32h7xx_hal.o
HAL_DBGMCU_EnableDBGSleepMode                     build/stm32h7xx_hal.o
HAL_DBGMCU_EnableDBGStandbyMode                   build/stm32h7xx_hal.o
HAL_DBGMCU_EnableDBGStopMode                      build/stm32h7xx_hal.o
HAL_DMAEx_ChangeMemory                            build/stm32h7xx_hal_dma_ex.o
HAL_DMAEx_ConfigMuxRequestGenerator               build/stm32h7xx_hal_dma_ex.o
HAL_DMAEx_ConfigMuxSync                           build/stm32h7xx_hal_dma_ex.o
HAL_DMAEx_DisableMuxRequestGenerator              build/stm32h7xx_hal_dma_ex.o
HAL_DMAEx_EnableMuxRequestGenerator               build/stm32h7xx_hal_dma_ex.o
HAL_DMAEx_MUX_IRQHandler                          build/stm32h7xx_hal_dma_ex.o
HAL_DMAEx_MultiBufferStart                        build/stm32h7xx_hal_dma_ex.o
HAL_DMAEx_MultiBufferStart_IT                     build/stm32h7xx_hal_dma_ex.o
HAL_DMA_Abort                                     build/stm32h7xx_hal_dma.o
                                                  build/stm32h7xx_hal_uart.o
HAL_DMA_Abort_IT                                  build/stm32h7xx_hal_dma.o
                                                  build/stm32h7xx_hal_uart.o
                                                  build/stm32h7xx_hal_i2c.o
HAL_DMA_DeInit                                    build/stm32h7xx_hal_dma.o
HAL_DMA_GetError                                  build/stm32h7xx_hal_dma.o
                                                  build/stm32h7xx_hal_uart.o
                                                  build/stm32h7xx_hal_i2c.o
HAL_DMA_GetState                                  build/stm32h7xx_hal_dma.o
                                                  build/stm32h7xx_hal_i2c.o
HAL_DMA_IRQHandler                                build/stm32h7xx_hal_dma.o
HAL_DMA_Init                                      build/stm32h7xx_hal_dma.o
HAL_DMA_PollForTransfer                           build/stm32h7xx_hal_dma.o
HAL_DMA_RegisterCallback                          build/stm32h7xx_hal_dma.o
HAL_DMA_Start                                     build/stm32h7xx_hal_dma.o
HAL_DMA_Start_IT                                  build/stm32h7xx_hal_dma.o
                                                  build/stm32h7xx_hal_uart.o
                                                  build/stm32h7xx_hal_i2c.o
HAL_DMA_UnRegisterCallback                        build/stm32h7xx_hal_dma.o
HAL_DeInit                                        build/stm32h7xx_hal.o
HAL_Delay                                         build/stm32h7xx_hal.o
                                                  build/main.o
HAL_DisableCompensationCell                       build/stm32h7xx_hal.o
HAL_DisableDomain3DBGStandbyMode                  build/stm32h7xx_hal.o
HAL_DisableDomain3DBGStopMode                     build/stm32h7xx_hal.o
HAL_ETHEx_DisableARPOffload                       build/stm32h7xx_hal_eth_ex.o
HAL_ETHEx_DisableL3L4Filtering                    build/stm32h7xx_hal_eth_ex.o
HAL_ETHEx_DisableVLANProcessing                   build/stm32h7xx_hal_eth_ex.o
HAL_ETHEx_EnableARPOffload                        build/stm32h7xx_hal_eth_ex.o
HAL_ETHEx_EnableL3L4Filtering                     build/stm32h7xx_hal_eth_ex.o
HAL_ETHEx_EnableVLANProcessing                    build/stm32h7xx_hal_eth_ex.o
HAL_ETHEx_EnterLPIMode                            build/stm32h7xx_hal_eth_ex.o
HAL_ETHEx_ExitLPIMode                             build/stm32h7xx_hal_eth_ex.o
HAL_ETHEx_GetL3FilterConfig                       build/stm32h7xx_hal_eth_ex.o
HAL_ETHEx_GetL4FilterConfig                       build/stm32h7xx_hal_eth_ex.o
HAL_ETHEx_GetMACLPIEvent                          build/stm32h7xx_hal_eth_ex.o
HAL_ETHEx_GetRxVLANConfig                         build/stm32h7xx_hal_eth_ex.o
HAL_ETHEx_GetTxVLANConfig                         build/stm32h7xx_hal_eth_ex.o
HAL_ETHEx_SetARPAddressMatch                      build/stm32h7xx_hal_eth_ex.o
HAL_ETHEx_SetL3FilterConfig                       build/stm32h7xx_hal_eth_ex.o
HAL_ETHEx_SetL4FilterConfig                       build/stm32h7xx_hal_eth_ex.o
HAL_ETHEx_SetRxVLANConfig                         build/stm32h7xx_hal_eth_ex.o
HAL_ETHEx_SetTxVLANConfig                         build/stm32h7xx_hal_eth_ex.o
HAL_ETHEx_SetTxVLANIdentifier                     build/stm32h7xx_hal_eth_ex.o
HAL_ETHEx_SetVLANHashTable                        build/stm32h7xx_hal_eth_ex.o
HAL_ETH_BuildRxDescriptors                        build/stm32h7xx_hal_eth.o
HAL_ETH_DMAErrorCallback                          build/stm32h7xx_hal_eth.o
HAL_ETH_DeInit                                    build/stm32h7xx_hal_eth.o
HAL_ETH_DescAssignMemory                          build/stm32h7xx_hal_eth.o
HAL_ETH_EEECallback                               build/stm32h7xx_hal_eth.o
HAL_ETH_EnterPowerDownMode                        build/stm32h7xx_hal_eth.o
HAL_ETH_ExitPowerDownMode                         build/stm32h7xx_hal_eth.o
HAL_ETH_GetDMAConfig                              build/stm32h7xx_hal_eth.o
HAL_ETH_GetDMAError                               build/stm32h7xx_hal_eth.o
HAL_ETH_GetError                                  build/stm32h7xx_hal_eth.o
HAL_ETH_GetMACConfig                              build/stm32h7xx_hal_eth.o
HAL_ETH_GetMACError                               build/stm32h7xx_hal_eth.o
HAL_ETH_GetMACFilterConfig                        build/stm32h7xx_hal_eth.o
HAL_ETH_GetMACWakeUpSource                        build/stm32h7xx_hal_eth.o
HAL_ETH_GetRxDataBuffer                           build/stm32h7xx_hal_eth.o
HAL_ETH_GetRxDataInfo                             build/stm32h7xx_hal_eth.o
HAL_ETH_GetRxDataLength                           build/stm32h7xx_hal_eth.o
HAL_ETH_GetState                                  build/stm32h7xx_hal_eth.o
HAL_ETH_IRQHandler                                build/stm32h7xx_hal_eth.o
HAL_ETH_Init                                      build/stm32h7xx_hal_eth.o
                                                  build/main.o
HAL_ETH_IsRxDataAvailable                         build/stm32h7xx_hal_eth.o
HAL_ETH_MACErrorCallback                          build/stm32h7xx_hal_eth.o
HAL_ETH_MspDeInit                                 build/stm32h7xx_hal_msp.o
HAL_ETH_MspInit                                   build/stm32h7xx_hal_msp.o
HAL_ETH_PMTCallback                               build/stm32h7xx_hal_eth.o
HAL_ETH_ReadPHYRegister                           build/stm32h7xx_hal_eth.o
HAL_ETH_RxCpltCallback                            build/stm32h7xx_hal_eth.o
HAL_ETH_SetDMAConfig                              build/stm32h7xx_hal_eth.o
HAL_ETH_SetHashTable                              build/stm32h7xx_hal_eth.o
HAL_ETH_SetMACConfig                              build/stm32h7xx_hal_eth.o
HAL_ETH_SetMACFilterConfig                        build/stm32h7xx_hal_eth.o
HAL_ETH_SetMDIOClockRange                         build/stm32h7xx_hal_eth.o
HAL_ETH_SetRxVLANIdentifier                       build/stm32h7xx_hal_eth.o
HAL_ETH_SetSourceMACAddrMatch                     build/stm32h7xx_hal_eth.o
HAL_ETH_SetWakeUpFilter                           build/stm32h7xx_hal_eth.o
HAL_ETH_Start                                     build/stm32h7xx_hal_eth.o
HAL_ETH_Start_IT                                  build/stm32h7xx_hal_eth.o
HAL_ETH_Stop                                      build/stm32h7xx_hal_eth.o
HAL_ETH_Stop_IT                                   build/stm32h7xx_hal_eth.o
HAL_ETH_Transmit                                  build/stm32h7xx_hal_eth.o
HAL_ETH_Transmit_IT                               build/stm32h7xx_hal_eth.o
HAL_ETH_TxCpltCallback                            build/stm32h7xx_hal_eth.o
HAL_ETH_WakeUpCallback                            build/stm32h7xx_hal_eth.o
HAL_ETH_WritePHYRegister                          build/stm32h7xx_hal_eth.o
HAL_EXTI_ClearConfigLine                          build/stm32h7xx_hal_exti.o
HAL_EXTI_ClearPending                             build/stm32h7xx_hal_exti.o
HAL_EXTI_D1_ClearFlag                             build/stm32h7xx_hal.o
HAL_EXTI_D1_EventInputConfig                      build/stm32h7xx_hal.o
HAL_EXTI_D3_EventInputConfig                      build/stm32h7xx_hal.o
HAL_EXTI_EdgeConfig                               build/stm32h7xx_hal.o
HAL_EXTI_GenerateSWI                              build/stm32h7xx_hal_exti.o
HAL_EXTI_GenerateSWInterrupt                      build/stm32h7xx_hal.o
HAL_EXTI_GetConfigLine                            build/stm32h7xx_hal_exti.o
HAL_EXTI_GetHandle                                build/stm32h7xx_hal_exti.o
HAL_EXTI_GetPending                               build/stm32h7xx_hal_exti.o
HAL_EXTI_IRQHandler                               build/stm32h7xx_hal_exti.o
HAL_EXTI_RegisterCallback                         build/stm32h7xx_hal_exti.o
HAL_EXTI_SetConfigLine                            build/stm32h7xx_hal_exti.o
HAL_EnableCompensationCell                        build/stm32h7xx_hal.o
HAL_EnableDomain3DBGStandbyMode                   build/stm32h7xx_hal.o
HAL_EnableDomain3DBGStopMode                      build/stm32h7xx_hal.o
HAL_FLASHEx_ComputeCRC                            build/stm32h7xx_hal_flash_ex.o
HAL_FLASHEx_Erase                                 build/stm32h7xx_hal_flash_ex.o
HAL_FLASHEx_Erase_IT                              build/stm32h7xx_hal_flash_ex.o
HAL_FLASHEx_Lock_Bank1                            build/stm32h7xx_hal_flash_ex.o
HAL_FLASHEx_OBGetConfig                           build/stm32h7xx_hal_flash_ex.o
HAL_FLASHEx_OBProgram                             build/stm32h7xx_hal_flash_ex.o
HAL_FLASHEx_Unlock_Bank1                          build/stm32h7xx_hal_flash_ex.o
HAL_FLASH_EndOfOperationCallback                  build/stm32h7xx_hal_flash.o
HAL_FLASH_GetError                                build/stm32h7xx_hal_flash.o
HAL_FLASH_IRQHandler                              build/stm32h7xx_hal_flash.o
HAL_FLASH_Lock                                    build/stm32h7xx_hal_flash.o
HAL_FLASH_OB_Launch                               build/stm32h7xx_hal_flash.o
HAL_FLASH_OB_Lock                                 build/stm32h7xx_hal_flash.o
HAL_FLASH_OB_Unlock                               build/stm32h7xx_hal_flash.o
HAL_FLASH_OperationErrorCallback                  build/stm32h7xx_hal_flash.o
HAL_FLASH_Program                                 build/stm32h7xx_hal_flash.o
HAL_FLASH_Program_IT                              build/stm32h7xx_hal_flash.o
HAL_FLASH_Unlock                                  build/stm32h7xx_hal_flash.o
HAL_GPIO_DeInit                                   build/stm32h7xx_hal_gpio.o
                                                  build/stm32h7xx_hal_msp.o
HAL_GPIO_EXTI_Callback                            build/stm32h7xx_hal_gpio.o
HAL_GPIO_EXTI_IRQHandler                          build/stm32h7xx_hal_gpio.o
HAL_GPIO_Init                                     build/stm32h7xx_hal_gpio.o
                                                  build/stm32h7xx_hal_rcc.o
                                                  build/stm32h7xx_hal_msp.o
                                                  build/main.o
HAL_GPIO_LockPin                                  build/stm32h7xx_hal_gpio.o
HAL_GPIO_ReadPin                                  build/stm32h7xx_hal_gpio.o
HAL_GPIO_TogglePin                                build/stm32h7xx_hal_gpio.o
                                                  build/main.o
HAL_GPIO_WritePin                                 build/stm32h7xx_hal_gpio.o
                                                  build/main.o
HAL_GetCurrentCPUID                               build/stm32h7xx_hal_cortex.o
HAL_GetDEVID                                      build/stm32h7xx_hal.o
HAL_GetFMCMemorySwappingConfig                    build/stm32h7xx_hal.o
HAL_GetHalVersion                                 build/stm32h7xx_hal.o
HAL_GetREVID                                      build/stm32h7xx_hal.o
                                                  build/stm32h7xx_hal_rcc_ex.o
HAL_GetTick                                       build/stm32h7xx_hal.o
                                                  build/stm32h7xx_hal_uart_ex.o
                                                  build/stm32h7xx_hal_uart.o
                                                  build/stm32h7xx_hal_eth.o
                                                  build/stm32h7xx_hal_i2c.o
                                                  build/stm32h7xx_hal_pwr_ex.o
                                                  build/stm32h7xx_hal_mdma.o
                                                  build/stm32h7xx_hal_dma.o
                                                  build/stm32h7xx_hal_flash.o
                                                  build/stm32h7xx_hal_rcc_ex.o
                                                  build/stm32h7xx_hal_rcc.o
HAL_GetTickFreq                                   build/stm32h7xx_hal.o
HAL_GetTickPrio                                   build/stm32h7xx_hal.o
HAL_GetUIDw0                                      build/stm32h7xx_hal.o
HAL_GetUIDw1                                      build/stm32h7xx_hal.o
HAL_GetUIDw2                                      build/stm32h7xx_hal.o
HAL_HSEM_ActivateNotification                     build/stm32h7xx_hal_hsem.o
HAL_HSEM_DeactivateNotification                   build/stm32h7xx_hal_hsem.o
HAL_HSEM_FastTake                                 build/stm32h7xx_hal_hsem.o
HAL_HSEM_FreeCallback                             build/stm32h7xx_hal_hsem.o
HAL_HSEM_GetClearKey                              build/stm32h7xx_hal_hsem.o
HAL_HSEM_IRQHandler                               build/stm32h7xx_hal_hsem.o
HAL_HSEM_IsSemTaken                               build/stm32h7xx_hal_hsem.o
HAL_HSEM_Release                                  build/stm32h7xx_hal_hsem.o
HAL_HSEM_ReleaseAll                               build/stm32h7xx_hal_hsem.o
HAL_HSEM_SetClearKey                              build/stm32h7xx_hal_hsem.o
HAL_HSEM_Take                                     build/stm32h7xx_hal_hsem.o
HAL_HalfDuplex_EnableReceiver                     build/stm32h7xx_hal_uart.o
HAL_HalfDuplex_EnableTransmitter                  build/stm32h7xx_hal_uart.o
HAL_HalfDuplex_Init                               build/stm32h7xx_hal_uart.o
HAL_I2CEx_ConfigAnalogFilter                      build/stm32h7xx_hal_i2c_ex.o
HAL_I2CEx_ConfigDigitalFilter                     build/stm32h7xx_hal_i2c_ex.o
HAL_I2CEx_DisableFastModePlus                     build/stm32h7xx_hal_i2c_ex.o
HAL_I2CEx_DisableWakeUp                           build/stm32h7xx_hal_i2c_ex.o
HAL_I2CEx_EnableFastModePlus                      build/stm32h7xx_hal_i2c_ex.o
HAL_I2CEx_EnableWakeUp                            build/stm32h7xx_hal_i2c_ex.o
HAL_I2C_AbortCpltCallback                         build/stm32h7xx_hal_i2c.o
HAL_I2C_AddrCallback                              build/stm32h7xx_hal_i2c.o
HAL_I2C_DeInit                                    build/stm32h7xx_hal_i2c.o
HAL_I2C_DisableListen_IT                          build/stm32h7xx_hal_i2c.o
HAL_I2C_ER_IRQHandler                             build/stm32h7xx_hal_i2c.o
HAL_I2C_EV_IRQHandler                             build/stm32h7xx_hal_i2c.o
HAL_I2C_EnableListen_IT                           build/stm32h7xx_hal_i2c.o
HAL_I2C_ErrorCallback                             build/stm32h7xx_hal_i2c.o
HAL_I2C_GetError                                  build/stm32h7xx_hal_i2c.o
HAL_I2C_GetMode                                   build/stm32h7xx_hal_i2c.o
HAL_I2C_GetState                                  build/stm32h7xx_hal_i2c.o
HAL_I2C_Init                                      build/stm32h7xx_hal_i2c.o
HAL_I2C_IsDeviceReady                             build/stm32h7xx_hal_i2c.o
HAL_I2C_ListenCpltCallback                        build/stm32h7xx_hal_i2c.o
HAL_I2C_MasterRxCpltCallback                      build/stm32h7xx_hal_i2c.o
HAL_I2C_MasterTxCpltCallback                      build/stm32h7xx_hal_i2c.o
HAL_I2C_Master_Abort_IT                           build/stm32h7xx_hal_i2c.o
HAL_I2C_Master_Receive                            build/stm32h7xx_hal_i2c.o
HAL_I2C_Master_Receive_DMA                        build/stm32h7xx_hal_i2c.o
HAL_I2C_Master_Receive_IT                         build/stm32h7xx_hal_i2c.o
HAL_I2C_Master_Seq_Receive_DMA                    build/stm32h7xx_hal_i2c.o
HAL_I2C_Master_Seq_Receive_IT                     build/stm32h7xx_hal_i2c.o
HAL_I2C_Master_Seq_Transmit_DMA                   build/stm32h7xx_hal_i2c.o
HAL_I2C_Master_Seq_Transmit_IT                    build/stm32h7xx_hal_i2c.o
HAL_I2C_Master_Transmit                           build/stm32h7xx_hal_i2c.o
HAL_I2C_Master_Transmit_DMA                       build/stm32h7xx_hal_i2c.o
HAL_I2C_Master_Transmit_IT                        build/stm32h7xx_hal_i2c.o
HAL_I2C_MemRxCpltCallback                         build/stm32h7xx_hal_i2c.o
HAL_I2C_MemTxCpltCallback                         build/stm32h7xx_hal_i2c.o
HAL_I2C_Mem_Read                                  build/stm32h7xx_hal_i2c.o
HAL_I2C_Mem_Read_DMA                              build/stm32h7xx_hal_i2c.o
HAL_I2C_Mem_Read_IT                               build/stm32h7xx_hal_i2c.o
HAL_I2C_Mem_Write                                 build/stm32h7xx_hal_i2c.o
HAL_I2C_Mem_Write_DMA                             build/stm32h7xx_hal_i2c.o
HAL_I2C_Mem_Write_IT                              build/stm32h7xx_hal_i2c.o
HAL_I2C_MspDeInit                                 build/stm32h7xx_hal_i2c.o
HAL_I2C_MspInit                                   build/stm32h7xx_hal_i2c.o
HAL_I2C_SlaveRxCpltCallback                       build/stm32h7xx_hal_i2c.o
HAL_I2C_SlaveTxCpltCallback                       build/stm32h7xx_hal_i2c.o
HAL_I2C_Slave_Receive                             build/stm32h7xx_hal_i2c.o
HAL_I2C_Slave_Receive_DMA                         build/stm32h7xx_hal_i2c.o
HAL_I2C_Slave_Receive_IT                          build/stm32h7xx_hal_i2c.o
HAL_I2C_Slave_Seq_Receive_DMA                     build/stm32h7xx_hal_i2c.o
HAL_I2C_Slave_Seq_Receive_IT                      build/stm32h7xx_hal_i2c.o
HAL_I2C_Slave_Seq_Transmit_DMA                    build/stm32h7xx_hal_i2c.o
HAL_I2C_Slave_Seq_Transmit_IT                     build/stm32h7xx_hal_i2c.o
HAL_I2C_Slave_Transmit                            build/stm32h7xx_hal_i2c.o
HAL_I2C_Slave_Transmit_DMA                        build/stm32h7xx_hal_i2c.o
HAL_I2C_Slave_Transmit_IT                         build/stm32h7xx_hal_i2c.o
HAL_IncTick                                       build/stm32h7xx_hal.o
                                                  build/stm32h7xx_it.o
HAL_Init                                          build/stm32h7xx_hal.o
                                                  build/main.o
HAL_InitTick                                      build/stm32h7xx_hal.o
                                                  build/stm32h7xx_hal_rcc.o
HAL_LIN_Init                                      build/stm32h7xx_hal_uart.o
HAL_LIN_SendBreak                                 build/stm32h7xx_hal_uart.o
HAL_MDMA_Abort                                    build/stm32h7xx_hal_mdma.o
HAL_MDMA_Abort_IT                                 build/stm32h7xx_hal_mdma.o
HAL_MDMA_ConfigPostRequestMask                    build/stm32h7xx_hal_mdma.o
HAL_MDMA_DeInit                                   build/stm32h7xx_hal_mdma.o
HAL_MDMA_GenerateSWRequest                        build/stm32h7xx_hal_mdma.o
HAL_MDMA_GetError                                 build/stm32h7xx_hal_mdma.o
HAL_MDMA_GetState                                 build/stm32h7xx_hal_mdma.o
HAL_MDMA_IRQHandler                               build/stm32h7xx_hal_mdma.o
HAL_MDMA_Init                                     build/stm32h7xx_hal_mdma.o
HAL_MDMA_LinkedList_AddNode                       build/stm32h7xx_hal_mdma.o
HAL_MDMA_LinkedList_CreateNode                    build/stm32h7xx_hal_mdma.o
HAL_MDMA_LinkedList_DisableCircularMode           build/stm32h7xx_hal_mdma.o
HAL_MDMA_LinkedList_EnableCircularMode            build/stm32h7xx_hal_mdma.o
HAL_MDMA_LinkedList_RemoveNode                    build/stm32h7xx_hal_mdma.o
HAL_MDMA_PollForTransfer                          build/stm32h7xx_hal_mdma.o
HAL_MDMA_RegisterCallback                         build/stm32h7xx_hal_mdma.o
HAL_MDMA_Start                                    build/stm32h7xx_hal_mdma.o
HAL_MDMA_Start_IT                                 build/stm32h7xx_hal_mdma.o
HAL_MDMA_UnRegisterCallback                       build/stm32h7xx_hal_mdma.o
HAL_MPU_ConfigRegion                              build/stm32h7xx_hal_cortex.o
HAL_MPU_Disable                                   build/stm32h7xx_hal_cortex.o
HAL_MPU_Enable                                    build/stm32h7xx_hal_cortex.o
HAL_MspDeInit                                     build/stm32h7xx_hal.o
HAL_MspInit                                       build/stm32h7xx_hal_msp.o
HAL_MultiProcessorEx_AddressLength_Set            build/stm32h7xx_hal_uart_ex.o
HAL_MultiProcessor_DisableMuteMode                build/stm32h7xx_hal_uart.o
HAL_MultiProcessor_EnableMuteMode                 build/stm32h7xx_hal_uart.o
HAL_MultiProcessor_EnterMuteMode                  build/stm32h7xx_hal_uart.o
HAL_MultiProcessor_Init                           build/stm32h7xx_hal_uart.o
HAL_NVIC_ClearPendingIRQ                          build/stm32h7xx_hal_cortex.o
HAL_NVIC_DisableIRQ                               build/stm32h7xx_hal_cortex.o
HAL_NVIC_EnableIRQ                                build/stm32h7xx_hal_cortex.o
HAL_NVIC_GetActive                                build/stm32h7xx_hal_cortex.o
HAL_NVIC_GetPendingIRQ                            build/stm32h7xx_hal_cortex.o
HAL_NVIC_GetPriority                              build/stm32h7xx_hal_cortex.o
HAL_NVIC_GetPriorityGrouping                      build/stm32h7xx_hal_cortex.o
HAL_NVIC_SetPendingIRQ                            build/stm32h7xx_hal_cortex.o
HAL_NVIC_SetPriority                              build/stm32h7xx_hal_cortex.o
                                                  build/stm32h7xx_hal.o
HAL_NVIC_SetPriorityGrouping                      build/stm32h7xx_hal_cortex.o
                                                  build/stm32h7xx_hal.o
HAL_NVIC_SystemReset                              build/stm32h7xx_hal_cortex.o
HAL_PWREx_AVDCallback                             build/stm32h7xx_hal_pwr_ex.o
HAL_PWREx_ClearPendingEvent                       build/stm32h7xx_hal_pwr_ex.o
HAL_PWREx_ClearWakeupFlag                         build/stm32h7xx_hal_pwr_ex.o
HAL_PWREx_ConfigAVD                               build/stm32h7xx_hal_pwr_ex.o
HAL_PWREx_ConfigD3Domain                          build/stm32h7xx_hal_pwr_ex.o
HAL_PWREx_ConfigSupply                            build/stm32h7xx_hal_pwr_ex.o
                                                  build/main.o
HAL_PWREx_ControlStopModeVoltageScaling           build/stm32h7xx_hal_pwr_ex.o
HAL_PWREx_ControlVoltageScaling                   build/stm32h7xx_hal_pwr_ex.o
HAL_PWREx_DisableAVD                              build/stm32h7xx_hal_pwr_ex.o
HAL_PWREx_DisableBatteryCharging                  build/stm32h7xx_hal_pwr_ex.o
HAL_PWREx_DisableBkUpReg                          build/stm32h7xx_hal_pwr_ex.o
HAL_PWREx_DisableFlashPowerDown                   build/stm32h7xx_hal_pwr_ex.o
HAL_PWREx_DisableMonitoring                       build/stm32h7xx_hal_pwr_ex.o
HAL_PWREx_DisableUSBReg                           build/stm32h7xx_hal_pwr_ex.o
HAL_PWREx_DisableUSBVoltageDetector               build/stm32h7xx_hal_pwr_ex.o
HAL_PWREx_DisableWakeUpPin                        build/stm32h7xx_hal_pwr_ex.o
HAL_PWREx_EnableAVD                               build/stm32h7xx_hal_pwr_ex.o
HAL_PWREx_EnableBatteryCharging                   build/stm32h7xx_hal_pwr_ex.o
HAL_PWREx_EnableBkUpReg                           build/stm32h7xx_hal_pwr_ex.o
HAL_PWREx_EnableFlashPowerDown                    build/stm32h7xx_hal_pwr_ex.o
HAL_PWREx_EnableMonitoring                        build/stm32h7xx_hal_pwr_ex.o
HAL_PWREx_EnableUSBReg                            build/stm32h7xx_hal_pwr_ex.o
HAL_PWREx_EnableUSBVoltageDetector                build/stm32h7xx_hal_pwr_ex.o
HAL_PWREx_EnableWakeUpPin                         build/stm32h7xx_hal_pwr_ex.o
HAL_PWREx_EnterSTANDBYMode                        build/stm32h7xx_hal_pwr_ex.o
HAL_PWREx_EnterSTOPMode                           build/stm32h7xx_hal_pwr_ex.o
HAL_PWREx_GetStopModeVoltageRange                 build/stm32h7xx_hal_pwr_ex.o
HAL_PWREx_GetSupplyConfig                         build/stm32h7xx_hal_pwr_ex.o
HAL_PWREx_GetTemperatureLevel                     build/stm32h7xx_hal_pwr_ex.o
HAL_PWREx_GetVBATLevel                            build/stm32h7xx_hal_pwr_ex.o
HAL_PWREx_GetVoltageRange                         build/stm32h7xx_hal_pwr_ex.o
HAL_PWREx_GetWakeupFlag                           build/stm32h7xx_hal_pwr_ex.o
HAL_PWREx_PVD_AVD_IRQHandler                      build/stm32h7xx_hal_pwr_ex.o
HAL_PWREx_WAKEUP_PIN_IRQHandler                   build/stm32h7xx_hal_pwr_ex.o
HAL_PWREx_WKUP1_Callback                          build/stm32h7xx_hal_pwr_ex.o
HAL_PWREx_WKUP2_Callback                          build/stm32h7xx_hal_pwr_ex.o
HAL_PWREx_WKUP4_Callback                          build/stm32h7xx_hal_pwr_ex.o
HAL_PWREx_WKUP6_Callback                          build/stm32h7xx_hal_pwr_ex.o
HAL_PWR_ConfigPVD                                 build/stm32h7xx_hal_pwr.o
HAL_PWR_DeInit                                    build/stm32h7xx_hal_pwr.o
HAL_PWR_DisableBkUpAccess                         build/stm32h7xx_hal_pwr.o
HAL_PWR_DisablePVD                                build/stm32h7xx_hal_pwr.o
HAL_PWR_DisableSEVOnPend                          build/stm32h7xx_hal_pwr.o
HAL_PWR_DisableSleepOnExit                        build/stm32h7xx_hal_pwr.o
HAL_PWR_DisableWakeUpPin                          build/stm32h7xx_hal_pwr.o
HAL_PWR_EnableBkUpAccess                          build/stm32h7xx_hal_pwr.o
HAL_PWR_EnablePVD                                 build/stm32h7xx_hal_pwr.o
HAL_PWR_EnableSEVOnPend                           build/stm32h7xx_hal_pwr.o
HAL_PWR_EnableSleepOnExit                         build/stm32h7xx_hal_pwr.o
HAL_PWR_EnableWakeUpPin                           build/stm32h7xx_hal_pwr.o
HAL_PWR_EnterSLEEPMode                            build/stm32h7xx_hal_pwr.o
HAL_PWR_EnterSTANDBYMode                          build/stm32h7xx_hal_pwr.o
HAL_PWR_EnterSTOPMode                             build/stm32h7xx_hal_pwr.o
HAL_PWR_PVDCallback                               build/stm32h7xx_hal_pwr.o
                                                  build/stm32h7xx_hal_pwr_ex.o
HAL_PWR_PVD_IRQHandler                            build/stm32h7xx_hal_pwr.o
HAL_RCCEx_CRSConfig                               build/stm32h7xx_hal_rcc_ex.o
HAL_RCCEx_CRSGetSynchronizationInfo               build/stm32h7xx_hal_rcc_ex.o
HAL_RCCEx_CRSSoftwareSynchronizationGenerate      build/stm32h7xx_hal_rcc_ex.o
HAL_RCCEx_CRSWaitSynchronization                  build/stm32h7xx_hal_rcc_ex.o
HAL_RCCEx_CRS_ErrorCallback                       build/stm32h7xx_hal_rcc_ex.o
HAL_RCCEx_CRS_ExpectedSyncCallback                build/stm32h7xx_hal_rcc_ex.o
HAL_RCCEx_CRS_IRQHandler                          build/stm32h7xx_hal_rcc_ex.o
HAL_RCCEx_CRS_SyncOkCallback                      build/stm32h7xx_hal_rcc_ex.o
HAL_RCCEx_CRS_SyncWarnCallback                    build/stm32h7xx_hal_rcc_ex.o
HAL_RCCEx_DisableLSECSS                           build/stm32h7xx_hal_rcc_ex.o
HAL_RCCEx_EnableLSECSS                            build/stm32h7xx_hal_rcc_ex.o
HAL_RCCEx_EnableLSECSS_IT                         build/stm32h7xx_hal_rcc_ex.o
HAL_RCCEx_GetD1PCLK1Freq                          build/stm32h7xx_hal_rcc_ex.o
HAL_RCCEx_GetD1SysClockFreq                       build/stm32h7xx_hal_rcc_ex.o
HAL_RCCEx_GetD3PCLK1Freq                          build/stm32h7xx_hal_rcc_ex.o
                                                  build/stm32h7xx_hal_uart.o
HAL_RCCEx_GetPLL1ClockFreq                        build/stm32h7xx_hal_rcc_ex.o
HAL_RCCEx_GetPLL2ClockFreq                        build/stm32h7xx_hal_rcc_ex.o
                                                  build/stm32h7xx_hal_uart.o
HAL_RCCEx_GetPLL3ClockFreq                        build/stm32h7xx_hal_rcc_ex.o
                                                  build/stm32h7xx_hal_uart.o
HAL_RCCEx_GetPeriphCLKConfig                      build/stm32h7xx_hal_rcc_ex.o
HAL_RCCEx_GetPeriphCLKFreq                        build/stm32h7xx_hal_rcc_ex.o
HAL_RCCEx_KerWakeUpStopCLKConfig                  build/stm32h7xx_hal_rcc_ex.o
HAL_RCCEx_LSECSS_Callback                         build/stm32h7xx_hal_rcc_ex.o
HAL_RCCEx_LSECSS_IRQHandler                       build/stm32h7xx_hal_rcc_ex.o
HAL_RCCEx_PeriphCLKConfig                         build/stm32h7xx_hal_rcc_ex.o
                                                  build/stm32h7xx_hal_msp.o
HAL_RCCEx_WWDGxSysResetConfig                     build/stm32h7xx_hal_rcc_ex.o
HAL_RCCEx_WakeUpStopCLKConfig                     build/stm32h7xx_hal_rcc_ex.o
HAL_RCC_CSSCallback                               build/stm32h7xx_hal_rcc.o
HAL_RCC_ClockConfig                               build/stm32h7xx_hal_rcc.o
                                                  build/main.o
HAL_RCC_DeInit                                    build/stm32h7xx_hal_rcc.o
HAL_RCC_DisableCSS                                build/stm32h7xx_hal_rcc.o
HAL_RCC_EnableCSS                                 build/stm32h7xx_hal_rcc.o
HAL_RCC_GetClockConfig                            build/stm32h7xx_hal_rcc.o
HAL_RCC_GetHCLKFreq                               build/stm32h7xx_hal_rcc.o
                                                  build/stm32h7xx_hal_eth.o
                                                  build/stm32h7xx_hal_rcc_ex.o
HAL_RCC_GetOscConfig                              build/stm32h7xx_hal_rcc.o
HAL_RCC_GetPCLK1Freq                              build/stm32h7xx_hal_rcc.o
                                                  build/stm32h7xx_hal_uart.o
HAL_RCC_GetPCLK2Freq                              build/stm32h7xx_hal_rcc.o
                                                  build/stm32h7xx_hal_uart.o
HAL_RCC_GetSysClockFreq                           build/stm32h7xx_hal_rcc.o
                                                  build/stm32h7xx_hal.o
                                                  build/stm32h7xx_hal_rcc_ex.o
HAL_RCC_MCOConfig                                 build/stm32h7xx_hal_rcc.o
HAL_RCC_NMI_IRQHandler                            build/stm32h7xx_hal_rcc.o
HAL_RCC_OscConfig                                 build/stm32h7xx_hal_rcc.o
                                                  build/main.o
HAL_RS485Ex_Init                                  build/stm32h7xx_hal_uart_ex.o
HAL_ResumeTick                                    build/stm32h7xx_hal.o
HAL_SYSCFG_ADC2ALT_Rout0Config                    build/stm32h7xx_hal.o
HAL_SYSCFG_ADC2ALT_Rout1Config                    build/stm32h7xx_hal.o
HAL_SYSCFG_AnalogSwitchConfig                     build/stm32h7xx_hal.o
HAL_SYSCFG_CM7BootAddConfig                       build/stm32h7xx_hal.o
HAL_SYSCFG_CompensationCodeConfig                 build/stm32h7xx_hal.o
HAL_SYSCFG_CompensationCodeSelect                 build/stm32h7xx_hal.o
HAL_SYSCFG_DisableBOOST                           build/stm32h7xx_hal.o
HAL_SYSCFG_DisableIOSpeedOptimize                 build/stm32h7xx_hal.o
HAL_SYSCFG_DisableVREFBUF                         build/stm32h7xx_hal.o
HAL_SYSCFG_ETHInterfaceSelect                     build/stm32h7xx_hal.o
                                                  build/stm32h7xx_hal_eth.o
HAL_SYSCFG_EnableBOOST                            build/stm32h7xx_hal.o
HAL_SYSCFG_EnableIOSpeedOptimize                  build/stm32h7xx_hal.o
HAL_SYSCFG_EnableVREFBUF                          build/stm32h7xx_hal.o
HAL_SYSCFG_VREFBUF_HighImpedanceConfig            build/stm32h7xx_hal.o
HAL_SYSCFG_VREFBUF_TrimmingConfig                 build/stm32h7xx_hal.o
HAL_SYSCFG_VREFBUF_VoltageScalingConfig           build/stm32h7xx_hal.o
HAL_SYSTICK_CLKSourceConfig                       build/stm32h7xx_hal_cortex.o
HAL_SYSTICK_Callback                              build/stm32h7xx_hal_cortex.o
HAL_SYSTICK_Config                                build/stm32h7xx_hal_cortex.o
                                                  build/stm32h7xx_hal.o
HAL_SYSTICK_IRQHandler                            build/stm32h7xx_hal_cortex.o
HAL_SetFMCMemorySwappingConfig                    build/stm32h7xx_hal.o
HAL_SetTickFreq                                   build/stm32h7xx_hal.o
HAL_SuspendTick                                   build/stm32h7xx_hal.o
HAL_UARTEx_DisableFifoMode                        build/stm32h7xx_hal_uart_ex.o
                                                  build/main.o
HAL_UARTEx_DisableStopMode                        build/stm32h7xx_hal_uart_ex.o
HAL_UARTEx_EnableFifoMode                         build/stm32h7xx_hal_uart_ex.o
HAL_UARTEx_EnableStopMode                         build/stm32h7xx_hal_uart_ex.o
HAL_UARTEx_ReceiveToIdle                          build/stm32h7xx_hal_uart_ex.o
HAL_UARTEx_ReceiveToIdle_DMA                      build/stm32h7xx_hal_uart_ex.o
HAL_UARTEx_ReceiveToIdle_IT                       build/stm32h7xx_hal_uart_ex.o
HAL_UARTEx_RxEventCallback                        build/stm32h7xx_hal_uart.o
HAL_UARTEx_RxFifoFullCallback                     build/stm32h7xx_hal_uart_ex.o
                                                  build/stm32h7xx_hal_uart.o
HAL_UARTEx_SetRxFifoThreshold                     build/stm32h7xx_hal_uart_ex.o
                                                  build/main.o
HAL_UARTEx_SetTxFifoThreshold                     build/stm32h7xx_hal_uart_ex.o
                                                  build/main.o
HAL_UARTEx_StopModeWakeUpSourceConfig             build/stm32h7xx_hal_uart_ex.o
HAL_UARTEx_TxFifoEmptyCallback                    build/stm32h7xx_hal_uart_ex.o
                                                  build/stm32h7xx_hal_uart.o
HAL_UARTEx_WakeupCallback                         build/stm32h7xx_hal_uart_ex.o
                                                  build/stm32h7xx_hal_uart.o
HAL_UART_Abort                                    build/stm32h7xx_hal_uart.o
HAL_UART_AbortCpltCallback                        build/stm32h7xx_hal_uart.o
HAL_UART_AbortReceive                             build/stm32h7xx_hal_uart.o
HAL_UART_AbortReceiveCpltCallback                 build/stm32h7xx_hal_uart.o
HAL_UART_AbortReceive_IT                          build/stm32h7xx_hal_uart.o
HAL_UART_AbortTransmit                            build/stm32h7xx_hal_uart.o
HAL_UART_AbortTransmitCpltCallback                build/stm32h7xx_hal_uart.o
HAL_UART_AbortTransmit_IT                         build/stm32h7xx_hal_uart.o
HAL_UART_Abort_IT                                 build/stm32h7xx_hal_uart.o
HAL_UART_DMAPause                                 build/stm32h7xx_hal_uart.o
HAL_UART_DMAResume                                build/stm32h7xx_hal_uart.o
HAL_UART_DMAStop                                  build/stm32h7xx_hal_uart.o
HAL_UART_DeInit                                   build/stm32h7xx_hal_uart.o
HAL_UART_DisableReceiverTimeout                   build/stm32h7xx_hal_uart.o
HAL_UART_EnableReceiverTimeout                    build/stm32h7xx_hal_uart.o
HAL_UART_ErrorCallback                            build/stm32h7xx_hal_uart.o
HAL_UART_GetError                                 build/stm32h7xx_hal_uart.o
HAL_UART_GetState                                 build/stm32h7xx_hal_uart.o
HAL_UART_IRQHandler                               build/stm32h7xx_hal_uart.o
HAL_UART_Init                                     build/stm32h7xx_hal_uart.o
                                                  build/main.o
HAL_UART_MspDeInit                                build/stm32h7xx_hal_msp.o
HAL_UART_MspInit                                  build/stm32h7xx_hal_msp.o
                                                  build/stm32h7xx_hal_uart_ex.o
HAL_UART_Receive                                  build/stm32h7xx_hal_uart.o
HAL_UART_Receive_DMA                              build/stm32h7xx_hal_uart.o
HAL_UART_Receive_IT                               build/stm32h7xx_hal_uart.o
HAL_UART_ReceiverTimeout_Config                   build/stm32h7xx_hal_uart.o
HAL_UART_RxCpltCallback                           build/stm32h7xx_hal_uart.o
HAL_UART_RxHalfCpltCallback                       build/stm32h7xx_hal_uart.o
HAL_UART_Transmit                                 build/stm32h7xx_hal_uart.o
HAL_UART_Transmit_DMA                             build/stm32h7xx_hal_uart.o
HAL_UART_Transmit_IT                              build/stm32h7xx_hal_uart.o
HAL_UART_TxCpltCallback                           build/stm32h7xx_hal_uart.o
HAL_UART_TxHalfCpltCallback                       build/stm32h7xx_hal_uart.o
HSEM1_IRQHandler                                  build/startup_stm32h723xx.o
HardFault_Handler                                 build/stm32h7xx_it.o
I2C1_ER_IRQHandler                                build/startup_stm32h723xx.o
I2C1_EV_IRQHandler                                build/startup_stm32h723xx.o
I2C2_ER_IRQHandler                                build/startup_stm32h723xx.o
I2C2_EV_IRQHandler                                build/startup_stm32h723xx.o
I2C3_ER_IRQHandler                                build/startup_stm32h723xx.o
I2C3_EV_IRQHandler                                build/startup_stm32h723xx.o
I2C4_ER_IRQHandler                                build/startup_stm32h723xx.o
I2C4_EV_IRQHandler                                build/startup_stm32h723xx.o
I2C5_ER_IRQHandler                                build/startup_stm32h723xx.o
I2C5_EV_IRQHandler                                build/startup_stm32h723xx.o
LPTIM1_IRQHandler                                 build/startup_stm32h723xx.o
LPTIM2_IRQHandler                                 build/startup_stm32h723xx.o
LPTIM3_IRQHandler                                 build/startup_stm32h723xx.o
LPTIM4_IRQHandler                                 build/startup_stm32h723xx.o
LPTIM5_IRQHandler                                 build/startup_stm32h723xx.o
LPUART1_IRQHandler                                build/startup_stm32h723xx.o
LTDC_ER_IRQHandler                                build/startup_stm32h723xx.o
LTDC_IRQHandler                                   build/startup_stm32h723xx.o
MDIOS_IRQHandler                                  build/startup_stm32h723xx.o
MDIOS_WKUP_IRQHandler                             build/startup_stm32h723xx.o
MDMA_IRQHandler                                   build/startup_stm32h723xx.o
MemManage_Handler                                 build/stm32h7xx_it.o
NMI_Handler                                       build/stm32h7xx_it.o
OCTOSPI1_IRQHandler                               build/startup_stm32h723xx.o
OCTOSPI2_IRQHandler                               build/startup_stm32h723xx.o
OTG_HS_EP1_IN_IRQHandler                          build/startup_stm32h723xx.o
OTG_HS_EP1_OUT_IRQHandler                         build/startup_stm32h723xx.o
OTG_HS_IRQHandler                                 build/startup_stm32h723xx.o
OTG_HS_WKUP_IRQHandler                            build/startup_stm32h723xx.o
PVD_AVD_IRQHandler                                build/startup_stm32h723xx.o
PendSV_Handler                                    build/stm32h7xx_it.o
RCC_IRQHandler                                    build/startup_stm32h723xx.o
RNG_IRQHandler                                    build/startup_stm32h723xx.o
RTC_Alarm_IRQHandler                              build/startup_stm32h723xx.o
RTC_WKUP_IRQHandler                               build/startup_stm32h723xx.o
Reset_Handler                                     build/startup_stm32h723xx.o
Rx_Buff                                           build/main.o
SAI1_IRQHandler                                   build/startup_stm32h723xx.o
SAI4_IRQHandler                                   build/startup_stm32h723xx.o
SDMMC1_IRQHandler                                 build/startup_stm32h723xx.o
SDMMC2_IRQHandler                                 build/startup_stm32h723xx.o
SPDIF_RX_IRQHandler                               build/startup_stm32h723xx.o
SPI1_IRQHandler                                   build/startup_stm32h723xx.o
SPI2_IRQHandler                                   build/startup_stm32h723xx.o
SPI3_IRQHandler                                   build/startup_stm32h723xx.o
SPI4_IRQHandler                                   build/startup_stm32h723xx.o
SPI5_IRQHandler                                   build/startup_stm32h723xx.o
SPI6_IRQHandler                                   build/startup_stm32h723xx.o
SVC_Handler                                       build/stm32h7xx_it.o
SWPMI1_IRQHandler                                 build/startup_stm32h723xx.o
SysTick_Handler                                   build/stm32h7xx_it.o
SystemClock_Config                                build/main.o
SystemCoreClock                                   build/system_stm32h7xx.o
                                                  build/stm32h7xx_hal.o
                                                  build/stm32h7xx_hal_mdma.o
                                                  build/stm32h7xx_hal_dma.o
                                                  build/stm32h7xx_hal_rcc_ex.o
                                                  build/stm32h7xx_hal_rcc.o
SystemCoreClockUpdate                             build/system_stm32h7xx.o
SystemD2Clock                                     build/system_stm32h7xx.o
                                                  build/stm32h7xx_hal.o
                                                  build/stm32h7xx_hal_rcc_ex.o
                                                  build/stm32h7xx_hal_rcc.o
SystemInit                                        build/system_stm32h7xx.o
                                                  build/startup_stm32h723xx.o
TAMP_STAMP_IRQHandler                             build/startup_stm32h723xx.o
TIM15_IRQHandler                                  build/startup_stm32h723xx.o
TIM16_IRQHandler                                  build/startup_stm32h723xx.o
TIM17_IRQHandler                                  build/startup_stm32h723xx.o
TIM1_BRK_IRQHandler                               build/startup_stm32h723xx.o
TIM1_CC_IRQHandler                                build/startup_stm32h723xx.o
TIM1_TRG_COM_IRQHandler                           build/startup_stm32h723xx.o
TIM1_UP_IRQHandler                                build/startup_stm32h723xx.o
TIM23_IRQHandler                                  build/startup_stm32h723xx.o
TIM24_IRQHandler                                  build/startup_stm32h723xx.o
TIM2_IRQHandler                                   build/startup_stm32h723xx.o
TIM3_IRQHandler                                   build/startup_stm32h723xx.o
TIM4_IRQHandler                                   build/startup_stm32h723xx.o
TIM5_IRQHandler                                   build/startup_stm32h723xx.o
TIM6_DAC_IRQHandler                               build/startup_stm32h723xx.o
TIM7_IRQHandler                                   build/startup_stm32h723xx.o
TIM8_BRK_TIM12_IRQHandler                         build/startup_stm32h723xx.o
TIM8_CC_IRQHandler                                build/startup_stm32h723xx.o
TIM8_TRG_COM_TIM14_IRQHandler                     build/startup_stm32h723xx.o
TIM8_UP_TIM13_IRQHandler                          build/startup_stm32h723xx.o
TxConfig                                          build/main.o
UART4_IRQHandler                                  build/startup_stm32h723xx.o
UART5_IRQHandler                                  build/startup_stm32h723xx.o
UART7_IRQHandler                                  build/startup_stm32h723xx.o
UART8_IRQHandler                                  build/startup_stm32h723xx.o
UART9_IRQHandler                                  build/startup_stm32h723xx.o
UARTPrescTable                                    build/stm32h7xx_hal_uart.o
UART_AdvFeatureConfig                             build/stm32h7xx_hal_uart.o
                                                  build/stm32h7xx_hal_uart_ex.o
UART_CheckIdleState                               build/stm32h7xx_hal_uart.o
                                                  build/stm32h7xx_hal_uart_ex.o
UART_SetConfig                                    build/stm32h7xx_hal_uart.o
                                                  build/stm32h7xx_hal_uart_ex.o
UART_Start_Receive_DMA                            build/stm32h7xx_hal_uart.o
                                                  build/stm32h7xx_hal_uart_ex.o
UART_Start_Receive_IT                             build/stm32h7xx_hal_uart.o
                                                  build/stm32h7xx_hal_uart_ex.o
UART_WaitOnFlagUntilTimeout                       build/stm32h7xx_hal_uart.o
                                                  build/stm32h7xx_hal_uart_ex.o
USART10_IRQHandler                                build/startup_stm32h723xx.o
USART1_IRQHandler                                 build/startup_stm32h723xx.o
USART2_IRQHandler                                 build/startup_stm32h723xx.o
USART3_IRQHandler                                 build/startup_stm32h723xx.o
USART6_IRQHandler                                 build/startup_stm32h723xx.o
UsageFault_Handler                                build/stm32h7xx_it.o
WAKEUP_PIN_IRQHandler                             build/startup_stm32h723xx.o
WWDG_IRQHandler                                   build/startup_stm32h723xx.o
__aeabi_idiv0                                     c:/dev/tools/gcc-arm-none-eabi-10-2020-q4-major/bin/../lib/gcc/arm-none-eabi/10.2.1/thumb/v7e-m+dp/hard\libgcc.a(_dvmd_tls.o)
__aeabi_ldiv0                                     c:/dev/tools/gcc-arm-none-eabi-10-2020-q4-major/bin/../lib/gcc/arm-none-eabi/10.2.1/thumb/v7e-m+dp/hard\libgcc.a(_dvmd_tls.o)
                                                  c:/dev/tools/gcc-arm-none-eabi-10-2020-q4-major/bin/../lib/gcc/arm-none-eabi/10.2.1/thumb/v7e-m+dp/hard\libgcc.a(_aeabi_uldivmod.o)
__aeabi_uldivmod                                  c:/dev/tools/gcc-arm-none-eabi-10-2020-q4-major/bin/../lib/gcc/arm-none-eabi/10.2.1/thumb/v7e-m+dp/hard\libgcc.a(_aeabi_uldivmod.o)